Archive member included to satisfy reference by file (symbol)

.pio/build/demo_f030f4/libFrameworkArduino.a(HardwareSerial.cpp.o)
                              .pio/build/demo_f030f4/src/main.cpp.o (HardwareSerial::available())
.pio/build/demo_f030f4/libFrameworkArduino.a(Stream.cpp.o)
                              .pio/build/demo_f030f4/libFrameworkArduino.a(HardwareSerial.cpp.o) (Stream::readBytes(char*, unsigned int))
.pio/build/demo_f030f4/libFrameworkArduino.a(WString.cpp.o)
                              .pio/build/demo_f030f4/libFrameworkArduino.a(Stream.cpp.o) (String::String(char const*))
.pio/build/demo_f030f4/libFrameworkArduino.a(abi.cpp.o)
                              .pio/build/demo_f030f4/libFrameworkArduino.a(Stream.cpp.o) (__cxa_pure_virtual)
.pio/build/demo_f030f4/libFrameworkArduino.a(dtostrf.c.o)
                              .pio/build/demo_f030f4/libFrameworkArduino.a(WString.cpp.o) (dtostrf)
.pio/build/demo_f030f4/libFrameworkArduino.a(itoa.c.o)
                              .pio/build/demo_f030f4/libFrameworkArduino.a(WString.cpp.o) (ltoa)
.pio/build/demo_f030f4/libFrameworkArduino.a(main.cpp.o)
                              /Users/pierre/.platformio/packages/toolchain-gccarmnoneeabi/bin/../lib/gcc/arm-none-eabi/9.2.1/../../../../arm-none-eabi/lib/thumb/v6-m/nofp/crt0.o (main)
.pio/build/demo_f030f4/libFrameworkArduino.a(startup_stm32yyxx.S.o)
                              (Reset_Handler)
.pio/build/demo_f030f4/libFrameworkArduino.a(wiring_digital.c.o)
                              .pio/build/demo_f030f4/src/main.cpp.o (pinMode)
.pio/build/demo_f030f4/libFrameworkArduino.a(wiring_time.c.o)
                              .pio/build/demo_f030f4/src/main.cpp.o (millis)
.pio/build/demo_f030f4/libFrameworkArduino.a(Print.cpp.o)
                              .pio/build/demo_f030f4/libFrameworkArduino.a(Stream.cpp.o) (Print::write(unsigned char const*, unsigned int))
.pio/build/demo_f030f4/libFrameworkArduino.a(WSerial.cpp.o)
                              .pio/build/demo_f030f4/libFrameworkArduino.a(main.cpp.o) (serialEventRun())
.pio/build/demo_f030f4/libFrameworkArduino.a(board.c.o)
                              .pio/build/demo_f030f4/libFrameworkArduino.a(main.cpp.o) (init)
.pio/build/demo_f030f4/libFrameworkArduino.a(hooks.c.o)
                              .pio/build/demo_f030f4/libFrameworkArduino.a(wiring_time.c.o) (yield)
.pio/build/demo_f030f4/libFrameworkArduino.a(wiring_analog.c.o)
                              .pio/build/demo_f030f4/libFrameworkArduino.a(wiring_digital.c.o) (g_anOutputPinConfigured)
.pio/build/demo_f030f4/libFrameworkArduino.a(pins_arduino.c.o)
                              .pio/build/demo_f030f4/libFrameworkArduino.a(wiring_analog.c.o) (analogInputToPinName)
/Users/pierre/.platformio/packages/toolchain-gccarmnoneeabi/bin/../lib/gcc/arm-none-eabi/9.2.1/thumb/v6-m/nofp/libgcc.a(_thumb1_case_sqi.o)
                              .pio/build/demo_f030f4/SrcWrapper/src/HAL/stm32yyxx_hal_uart.c.o (__gnu_thumb1_case_sqi)
/Users/pierre/.platformio/packages/toolchain-gccarmnoneeabi/bin/../lib/gcc/arm-none-eabi/9.2.1/thumb/v6-m/nofp/libgcc.a(_thumb1_case_uqi.o)
                              .pio/build/demo_f030f4/SrcWrapper/src/HAL/stm32yyxx_hal_dma.c.o (__gnu_thumb1_case_uqi)
/Users/pierre/.platformio/packages/toolchain-gccarmnoneeabi/bin/../lib/gcc/arm-none-eabi/9.2.1/thumb/v6-m/nofp/libgcc.a(_udivsi3.o)
                              .pio/build/demo_f030f4/SrcWrapper/src/HAL/stm32yyxx_hal.c.o (__aeabi_uidiv)
/Users/pierre/.platformio/packages/toolchain-gccarmnoneeabi/bin/../lib/gcc/arm-none-eabi/9.2.1/thumb/v6-m/nofp/libgcc.a(_divsi3.o)
                              .pio/build/demo_f030f4/SrcWrapper/src/HAL/stm32yyxx_hal.c.o (__aeabi_idiv)
/Users/pierre/.platformio/packages/toolchain-gccarmnoneeabi/bin/../lib/gcc/arm-none-eabi/9.2.1/thumb/v6-m/nofp/libgcc.a(_dvmd_tls.o)
                              /Users/pierre/.platformio/packages/toolchain-gccarmnoneeabi/bin/../lib/gcc/arm-none-eabi/9.2.1/thumb/v6-m/nofp/libgcc.a(_udivsi3.o) (__aeabi_idiv0)
/Users/pierre/.platformio/packages/toolchain-gccarmnoneeabi/bin/../lib/gcc/arm-none-eabi/9.2.1/thumb/v6-m/nofp/libgcc.a(_lshrdi3.o)
                              .pio/build/demo_f030f4/SrcWrapper/src/HAL/stm32yyxx_hal_flash.c.o (__aeabi_llsr)
/Users/pierre/.platformio/packages/toolchain-gccarmnoneeabi/bin/../lib/gcc/arm-none-eabi/9.2.1/thumb/v6-m/nofp/libgcc.a(_arm_cmpdf2.o)
                              .pio/build/demo_f030f4/libFrameworkArduino.a(dtostrf.c.o) (__aeabi_dcmplt)
/Users/pierre/.platformio/packages/toolchain-gccarmnoneeabi/bin/../lib/gcc/arm-none-eabi/9.2.1/thumb/v6-m/nofp/libgcc.a(_aeabi_uldivmod.o)
                              .pio/build/demo_f030f4/libFrameworkArduino.a(Print.cpp.o) (__aeabi_uldivmod)
/Users/pierre/.platformio/packages/toolchain-gccarmnoneeabi/bin/../lib/gcc/arm-none-eabi/9.2.1/thumb/v6-m/nofp/libgcc.a(_fixunsdfsi.o)
[...]
Memory Configuration

Name             Origin             Length             Attributes
*default*        0x0000000000000000 0xffffffffffffffff
RAM              0x0000000020000000 0x0000000000001000 xrw
FLASH            0x0000000008000000 0x0000000000004000 xr

Linker script and memory map

                0x0000000020001000                _estack = (ORIGIN (RAM) + LENGTH (RAM))
                0x0000000000000200                _Min_Heap_Size = 0x200
                0x0000000000000400                _Min_Stack_Size = 0x400

.isr_vector     0x0000000008000000       0xc0
                0x0000000008000000                . = ALIGN (0x4)
 *(.isr_vector)
 .isr_vector    0x0000000008000000       0xc0 .pio/build/demo_f030f4/libFrameworkArduino.a(startup_stm32yyxx.S.o)
                0x0000000008000000                g_pfnVectors
                0x00000000080000c0                . = ALIGN (0x4)

.text           0x00000000080000c0     0x30ac
                0x00000000080000c0                . = ALIGN (0x4)
 *(.text)
 .text          0x00000000080000c0       0x14 /Users/pierre/.platformio/packages/toolchain-gccarmnoneeabi/bin/../lib/gcc/arm-none-eabi/9.2.1/thumb/v6-m/nofp/libgcc.a(_thumb1_case_sqi.o)
                0x00000000080000c0                __gnu_thumb1_case_sqi
 .text          0x00000000080000d4       0x14 /Users/pierre/.platformio/packages/toolchain-gccarmnoneeabi/bin/../lib/gcc/arm-none-eabi/9.2.1/thumb/v6-m/nofp/libgcc.a(_thumb1_case_uqi.o)
                0x00000000080000d4                __gnu_thumb1_case_uqi
 .text          0x00000000080000e8      0x114 /Users/pierre/.platformio/packages/toolchain-gccarmnoneeabi/bin/../lib/gcc/arm-none-eabi/9.2.1/thumb/v6-m/nofp/libgcc.a(_udivsi3.o)
                0x00000000080000e8                __udivsi3
                0x00000000080000e8                __aeabi_uidiv
                0x00000000080001f4                __aeabi_uidivmod
 .text          0x00000000080001fc        0x4 /Users/pierre/.platformio/packages/toolchain-gccarmnoneeabi/bin/../lib/gcc/arm-none-eabi/9.2.1/thumb/v6-m/nofp/libgcc.a(_dvmd_tls.o)
                0x00000000080001fc                __aeabi_ldiv0
                0x00000000080001fc                __aeabi_idiv0
 .text          0x0000000008000200       0x14 /Users/pierre/.platformio/packages/toolchain-gccarmnoneeabi/bin/../lib/gcc/arm-none-eabi/9.2.1/../../../../arm-none-eabi/lib/thumb/v6-m/nofp/libc_nano.a(lib_a-strcmp.o)
                0x0000000008000200                strcmp
 .text          0x0000000008000214        0xe /Users/pierre/.platformio/packages/toolchain-gccarmnoneeabi/bin/../lib/gcc/arm-none-eabi/9.2.1/../../../../arm-none-eabi/lib/thumb/v6-m/nofp/libc_nano.a(lib_a-strlen.o)
                0x0000000008000214                strlen
 *(.text*)
 *fill*         0x0000000008000222        0x2 
 .text.__do_global_dtors_aux
                0x0000000008000224       0x28 /Users/pierre/.platformio/packages/toolchain-gccarmnoneeabi/bin/../lib/gcc/arm-none-eabi/9.2.1/thumb/v6-m/nofp/crtbegin.o
 .text.frame_dummy
                0x000000000800024c       0x20 /Users/pierre/.platformio/packages/toolchain-gccarmnoneeabi/bin/../lib/gcc/arm-none-eabi/9.2.1/thumb/v6-m/nofp/crtbegin.o
 .text.SystemClock_Config
                0x000000000800026c       0x5a .pio/build/demo_f030f4/FrameworkArduinoVariant/variant_DEMO_F030F4.cpp.o
                0x000000000800026c                SystemClock_Config
 .text.HAL_MspInit
                0x00000000080002c6        0x2 .pio/build/demo_f030f4/SrcWrapper/src/HAL/stm32yyxx_hal.c.o
                0x00000000080002c6                HAL_MspInit
 .text.HAL_InitTick
                0x00000000080002c8       0x48 .pio/build/demo_f030f4/SrcWrapper/src/HAL/stm32yyxx_hal.c.o
                0x00000000080002c8                HAL_InitTick
 .text.HAL_Init
                0x0000000008000310       0x20 .pio/build/demo_f030f4/SrcWrapper/src/HAL/stm32yyxx_hal.c.o
                0x0000000008000310                HAL_Init
 .text.HAL_IncTick
                0x0000000008000330       0x18 .pio/build/demo_f030f4/SrcWrapper/src/HAL/stm32yyxx_hal.c.o
                0x0000000008000330                HAL_IncTick
 .text.HAL_GetTick
                0x0000000008000348        0xc .pio/build/demo_f030f4/SrcWrapper/src/HAL/stm32yyxx_hal.c.o
                0x0000000008000348                HAL_GetTick
 .text.HAL_NVIC_SetPriority
                0x0000000008000354       0x54 .pio/build/demo_f030f4/SrcWrapper/src/HAL/stm32yyxx_hal_cortex.c.o
                0x0000000008000354                HAL_NVIC_SetPriority
 .text.HAL_NVIC_EnableIRQ
                0x00000000080003a8       0x18 .pio/build/demo_f030f4/SrcWrapper/src/HAL/stm32yyxx_hal_cortex.c.o
                0x00000000080003a8                HAL_NVIC_EnableIRQ
 .text.HAL_NVIC_DisableIRQ
                0x00000000080003c0       0x20 .pio/build/demo_f030f4/SrcWrapper/src/HAL/stm32yyxx_hal_cortex.c.o
                0x00000000080003c0                HAL_NVIC_DisableIRQ
 .text.HAL_SYSTICK_Config
                0x00000000080003e0       0x34 .pio/build/demo_f030f4/SrcWrapper/src/HAL/stm32yyxx_hal_cortex.c.o
                0x00000000080003e0                HAL_SYSTICK_Config
 .text.HAL_NVIC_ClearPendingIRQ
                0x0000000008000414       0x1c .pio/build/demo_f030f4/SrcWrapper/src/HAL/stm32yyxx_hal_cortex.c.o
                0x0000000008000414                HAL_NVIC_ClearPendingIRQ
 .text.HAL_SYSTICK_Callback
                0x0000000008000430        0x2 .pio/build/demo_f030f4/SrcWrapper/src/HAL/stm32yyxx_hal_cortex.c.o
                0x0000000008000430                HAL_SYSTICK_Callback
 .text.HAL_SYSTICK_IRQHandler
                0x0000000008000432        0x8 .pio/build/demo_f030f4/SrcWrapper/src/HAL/stm32yyxx_hal_cortex.c.o
                0x0000000008000432                HAL_SYSTICK_IRQHandler
 .text.HAL_CRC_MspInit
                0x000000000800043a        0x2 .pio/build/demo_f030f4/SrcWrapper/src/HAL/stm32yyxx_hal_crc.c.o
                0x000000000800043a                HAL_CRC_MspInit
 .text.HAL_CRC_Init
                0x000000000800043c       0x4e .pio/build/demo_f030f4/SrcWrapper/src/HAL/stm32yyxx_hal_crc.c.o
                0x000000000800043c                HAL_CRC_Init
 .text.HAL_DMA_Abort
                0x000000000800048a       0x3c .pio/build/demo_f030f4/SrcWrapper/src/HAL/stm32yyxx_hal_dma.c.o
                0x000000000800048a                HAL_DMA_Abort
 .text.HAL_DMA_Abort_IT
                0x00000000080004c6       0x46 .pio/build/demo_f030f4/SrcWrapper/src/HAL/stm32yyxx_hal_dma.c.o
                0x00000000080004c6                HAL_DMA_Abort_IT
 .text.HAL_GPIO_EXTI_IRQHandler
                0x000000000800050c       0x18 .pio/build/demo_f030f4/SrcWrapper/src/HAL/stm32yyxx_hal_gpio.c.o
                0x000000000800050c                HAL_GPIO_EXTI_IRQHandler
 .text.HAL_RCC_OscConfig
                0x0000000008000524      0x400 .pio/build/demo_f030f4/SrcWrapper/src/HAL/stm32yyxx_hal_rcc.c.o
                0x0000000008000524                HAL_RCC_OscConfig
 .text.HAL_RCC_GetSysClockFreq
                0x0000000008000924       0x64 .pio/build/demo_f030f4/SrcWrapper/src/HAL/stm32yyxx_hal_rcc.c.o
                0x0000000008000924                HAL_RCC_GetSysClockFreq
 .text.HAL_RCC_ClockConfig
                0x0000000008000988      0x108 .pio/build/demo_f030f4/SrcWrapper/src/HAL/stm32yyxx_hal_rcc.c.o
                0x0000000008000988                HAL_RCC_ClockConfig
 .text.HAL_RCC_GetPCLK1Freq
                0x0000000008000a90       0x20 .pio/build/demo_f030f4/SrcWrapper/src/HAL/stm32yyxx_hal_rcc.c.o
                0x0000000008000a90                HAL_RCC_GetPCLK1Freq
 .text.HAL_TIM_PWM_PulseFinishedCallback
                0x0000000008000ab0        0x2 .pio/build/demo_f030f4/SrcWrapper/src/HAL/stm32yyxx_hal_tim.c.o
                0x0000000008000ab0                HAL_TIM_PWM_PulseFinishedCallback
 .text.HAL_TIM_TriggerCallback
                0x0000000008000ab2        0x2 .pio/build/demo_f030f4/SrcWrapper/src/HAL/stm32yyxx_hal_tim.c.o
                0x0000000008000ab2                HAL_TIM_TriggerCallback
 .text.HAL_TIM_IRQHandler
                0x0000000008000ab4      0x148 .pio/build/demo_f030f4/SrcWrapper/src/HAL/stm32yyxx_hal_tim.c.o
                0x0000000008000ab4                HAL_TIM_IRQHandler
 .text.TIM_Base_SetConfig
                0x0000000008000bfc       0x80 .pio/build/demo_f030f4/SrcWrapper/src/HAL/stm32yyxx_hal_tim.c.o
                0x0000000008000bfc                TIM_Base_SetConfig
 .text.HAL_TIM_Base_Init
                0x0000000008000c7c       0x50 .pio/build/demo_f030f4/SrcWrapper/src/HAL/stm32yyxx_hal_tim.c.o
                0x0000000008000c7c                HAL_TIM_Base_Init
 .text.HAL_TIMEx_CommutCallback
                0x0000000008000ccc        0x2 .pio/build/demo_f030f4/SrcWrapper/src/HAL/stm32yyxx_hal_tim_ex.c.o
                0x0000000008000ccc                HAL_TIMEx_CommutCallback
 .text.HAL_TIMEx_BreakCallback
                0x0000000008000cce        0x2 .pio/build/demo_f030f4/SrcWrapper/src/HAL/stm32yyxx_hal_tim_ex.c.o
                0x0000000008000cce                HAL_TIMEx_BreakCallback
 .text.UART_EndRxTransfer
                0x0000000008000cd0       0x5c .pio/build/demo_f030f4/SrcWrapper/src/HAL/stm32yyxx_hal_uart.c.o
 .text.UART_TxISR_8BIT.part.0
                0x0000000008000d2c       0x32 .pio/build/demo_f030f4/SrcWrapper/src/HAL/stm32yyxx_hal_uart.c.o
 .text.UART_TxISR_8BIT
                0x0000000008000d5e       0x2e .pio/build/demo_f030f4/SrcWrapper/src/HAL/stm32yyxx_hal_uart.c.o
 .text.UART_TxISR_16BIT
                0x0000000008000d8c       0x32 .pio/build/demo_f030f4/SrcWrapper/src/HAL/stm32yyxx_hal_uart.c.o
 .text.HAL_UART_MspInit
                0x0000000008000dbe        0x2 .pio/build/demo_f030f4/SrcWrapper/src/HAL/stm32yyxx_hal_uart.c.o
                0x0000000008000dbe                HAL_UART_MspInit
 .text.HAL_UART_Transmit_IT
                0x0000000008000dc0       0x88 .pio/build/demo_f030f4/SrcWrapper/src/HAL/stm32yyxx_hal_uart.c.o
                0x0000000008000dc0                HAL_UART_Transmit_IT
 .text.UART_DMAAbortOnError
                0x0000000008000e48       0x16 .pio/build/demo_f030f4/SrcWrapper/src/HAL/stm32yyxx_hal_uart.c.o
 .text.HAL_UARTEx_RxEventCallback
                0x0000000008000e5e        0x2 .pio/build/demo_f030f4/SrcWrapper/src/HAL/stm32yyxx_hal_uart.c.o
                0x0000000008000e5e                HAL_UARTEx_RxEventCallback
 .text.HAL_UART_IRQHandler
                0x0000000008000e60      0x298 .pio/build/demo_f030f4/SrcWrapper/src/HAL/stm32yyxx_hal_uart.c.o
                0x0000000008000e60                HAL_UART_IRQHandler
 .text.UART_RxISR_8BIT.part.0
                0x00000000080010f8       0x74 .pio/build/demo_f030f4/SrcWrapper/src/HAL/stm32yyxx_hal_uart.c.o
 .text.UART_RxISR_16BIT
                0x000000000800116c       0x3e .pio/build/demo_f030f4/SrcWrapper/src/HAL/stm32yyxx_hal_uart.c.o
 .text.UART_RxISR_8BIT
                0x00000000080011aa       0x40 .pio/build/demo_f030f4/SrcWrapper/src/HAL/stm32yyxx_hal_uart.c.o
 .text.HAL_HalfDuplex_EnableTransmitter
                0x00000000080011ea       0x4e .pio/build/demo_f030f4/SrcWrapper/src/HAL/stm32yyxx_hal_uart.c.o
                0x00000000080011ea                HAL_HalfDuplex_EnableTransmitter
 .text.HAL_HalfDuplex_EnableReceiver
                0x0000000008001238       0x4e .pio/build/demo_f030f4/SrcWrapper/src/HAL/stm32yyxx_hal_uart.c.o
                0x0000000008001238                HAL_HalfDuplex_EnableReceiver
 .text.HAL_UART_GetState
                0x0000000008001286        0x8 .pio/build/demo_f030f4/SrcWrapper/src/HAL/stm32yyxx_hal_uart.c.o
                0x0000000008001286                HAL_UART_GetState
 *fill*         0x000000000800128e        0x2 
 .text.UART_SetConfig
                0x0000000008001290      0x118 .pio/build/demo_f030f4/SrcWrapper/src/HAL/stm32yyxx_hal_uart.c.o
                0x0000000008001290                UART_SetConfig
 .text.UART_AdvFeatureConfig
                0x00000000080013a8       0xd0 .pio/build/demo_f030f4/SrcWrapper/src/HAL/stm32yyxx_hal_uart.c.o
                0x00000000080013a8                UART_AdvFeatureConfig
 .text.UART_WaitOnFlagUntilTimeout
                0x0000000008001478       0xc4 .pio/build/demo_f030f4/SrcWrapper/src/HAL/stm32yyxx_hal_uart.c.o
                0x0000000008001478                UART_WaitOnFlagUntilTimeout
 .text.UART_CheckIdleState
                0x000000000800153c       0x64 .pio/build/demo_f030f4/SrcWrapper/src/HAL/stm32yyxx_hal_uart.c.o
                0x000000000800153c                UART_CheckIdleState
 .text.HAL_UART_Init
                0x00000000080015a0       0x64 .pio/build/demo_f030f4/SrcWrapper/src/HAL/stm32yyxx_hal_uart.c.o
                0x00000000080015a0                HAL_UART_Init
 .text.HAL_HalfDuplex_Init
                0x0000000008001604       0x64 .pio/build/demo_f030f4/SrcWrapper/src/HAL/stm32yyxx_hal_uart.c.o
                0x0000000008001604                HAL_HalfDuplex_Init
 .text.UART_Start_Receive_IT
                0x0000000008001668       0xa4 .pio/build/demo_f030f4/SrcWrapper/src/HAL/stm32yyxx_hal_uart.c.o
                0x0000000008001668                UART_Start_Receive_IT
 .text.HAL_UART_Receive_IT
                0x000000000800170c       0x6a .pio/build/demo_f030f4/SrcWrapper/src/HAL/stm32yyxx_hal_uart.c.o
                0x000000000800170c                HAL_UART_Receive_IT
 .text._ZNSt8functionIFvvEEaSEDn.isra.0
                0x0000000008001776       0x1a .pio/build/demo_f030f4/SrcWrapper/src/HardwareTimer.cpp.o
 .text._ZNSt14_Function_baseD2Ev
                0x0000000008001790       0x14 .pio/build/demo_f030f4/SrcWrapper/src/HardwareTimer.cpp.o
                0x0000000008001790                std::_Function_base::~_Function_base()
                0x0000000008001790                std::_Function_base::~_Function_base()
 .text._Z15get_timer_indexP11TIM_TypeDef
                0x00000000080017a4       0x4c .pio/build/demo_f030f4/SrcWrapper/src/HardwareTimer.cpp.o
                0x00000000080017a4                get_timer_index(TIM_TypeDef*)
 .text._ZN13HardwareTimerD2Ev
                0x00000000080017f0       0x3c .pio/build/demo_f030f4/SrcWrapper/src/HardwareTimer.cpp.o
                0x00000000080017f0                HardwareTimer::~HardwareTimer()
                0x00000000080017f0                HardwareTimer::~HardwareTimer()
 .text._ZN13HardwareTimer5setupEP11TIM_TypeDef
                0x000000000800182c       0x90 .pio/build/demo_f030f4/SrcWrapper/src/HardwareTimer.cpp.o
                0x000000000800182c                HardwareTimer::setup(TIM_TypeDef*)
 .text._ZN13HardwareTimerC2EP11TIM_TypeDef
                0x00000000080018bc       0x20 .pio/build/demo_f030f4/SrcWrapper/src/HardwareTimer.cpp.o
                0x00000000080018bc                HardwareTimer::HardwareTimer(TIM_TypeDef*)
                0x00000000080018bc                HardwareTimer::HardwareTimer(TIM_TypeDef*)
 .text.TIM1_BRK_UP_TRG_COM_IRQHandler
                0x00000000080018dc       0x18 .pio/build/demo_f030f4/SrcWrapper/src/HardwareTimer.cpp.o
                0x00000000080018dc                TIM1_BRK_UP_TRG_COM_IRQHandler
 .text.TIM1_CC_IRQHandler
                0x00000000080018f4        0x8 .pio/build/demo_f030f4/SrcWrapper/src/HardwareTimer.cpp.o
                0x00000000080018f4                TIM1_CC_IRQHandler
 .text.TIM3_IRQHandler
                0x00000000080018fc       0x18 .pio/build/demo_f030f4/SrcWrapper/src/HardwareTimer.cpp.o
                0x00000000080018fc                TIM3_IRQHandler
 .text.TIM14_IRQHandler
                0x0000000008001914       0x18 .pio/build/demo_f030f4/SrcWrapper/src/HardwareTimer.cpp.o
                0x0000000008001914                TIM14_IRQHandler
 .text.TIM16_IRQHandler
                0x000000000800192c       0x18 .pio/build/demo_f030f4/SrcWrapper/src/HardwareTimer.cpp.o
                0x000000000800192c                TIM16_IRQHandler
 .text.TIM17_IRQHandler
                0x0000000008001944       0x18 .pio/build/demo_f030f4/SrcWrapper/src/HardwareTimer.cpp.o
                0x0000000008001944                TIM17_IRQHandler
 .text._ZNKSt8functionIFvvEEclEv
                0x000000000800195c       0x12 .pio/build/demo_f030f4/SrcWrapper/src/HardwareTimer.cpp.o
                0x000000000800195c                std::function<void ()>::operator()() const
 .text._ZN13HardwareTimer14updateCallbackEP17TIM_HandleTypeDef
                0x000000000800196e       0x1c .pio/build/demo_f030f4/SrcWrapper/src/HardwareTimer.cpp.o
                0x000000000800196e                HardwareTimer::updateCallback(TIM_HandleTypeDef*)
 .text.HAL_TIM_PeriodElapsedCallback
                0x000000000800198a        0x8 .pio/build/demo_f030f4/SrcWrapper/src/HardwareTimer.cpp.o
                0x000000000800198a                HAL_TIM_PeriodElapsedCallback
 .text._ZN13HardwareTimer22captureCompareCallbackEP17TIM_HandleTypeDef
                0x0000000008001992       0x46 .pio/build/demo_f030f4/SrcWrapper/src/HardwareTimer.cpp.o
                0x0000000008001992                HardwareTimer::captureCompareCallback(TIM_HandleTypeDef*)
 .text.HAL_TIM_OC_DelayElapsedCallback
                0x00000000080019d8        0x8 .pio/build/demo_f030f4/SrcWrapper/src/HardwareTimer.cpp.o
                0x00000000080019d8                HAL_TIM_OC_DelayElapsedCallback
 .text.HAL_TIM_IC_CaptureCallback
                0x00000000080019e0        0x8 .pio/build/demo_f030f4/SrcWrapper/src/HardwareTimer.cpp.o
                0x00000000080019e0                HAL_TIM_IC_CaptureCallback
 .text._Znwj    0x00000000080019e8        0x8 .pio/build/demo_f030f4/SrcWrapper/src/new.cpp.o
                0x00000000080019e8                operator new(unsigned int)
 .text._ZdlPvj  0x00000000080019f0        0x8 .pio/build/demo_f030f4/SrcWrapper/src/new.cpp.o
                0x00000000080019f0                operator delete(void*, unsigned int)
 .text.set_GPIO_Port_Clock
                0x00000000080019f8       0x8c .pio/build/demo_f030f4/SrcWrapper/src/stm32/PortNames.c.o
                0x00000000080019f8                set_GPIO_Port_Clock
 .text.pwm_stop
                0x0000000008001a84       0x58 .pio/build/demo_f030f4/SrcWrapper/src/stm32/analog.cpp.o
                0x0000000008001a84                pwm_stop
 .text.getCurrentMillis
                0x0000000008001adc        0x8 .pio/build/demo_f030f4/SrcWrapper/src/stm32/clock.c.o
                0x0000000008001adc                getCurrentMillis
 .text.noOsSystickHandler
                0x0000000008001ae4        0x2 .pio/build/demo_f030f4/SrcWrapper/src/stm32/clock.c.o
                0x0000000008001ae4                noOsSystickHandler
                0x0000000008001ae4                osSystickHandler
 .text.SysTick_Handler
                0x0000000008001ae6       0x10 .pio/build/demo_f030f4/SrcWrapper/src/stm32/clock.c.o
                0x0000000008001ae6                SysTick_Handler
 .text.configHSECapacitorTuning
                0x0000000008001af6        0x2 .pio/build/demo_f030f4/SrcWrapper/src/stm32/clock.c.o
                0x0000000008001af6                configHSECapacitorTuning
 .text.configIPClock
                0x0000000008001af8       0x40 .pio/build/demo_f030f4/SrcWrapper/src/stm32/clock.c.o
                0x0000000008001af8                configIPClock
 .text.hw_config_init
                0x0000000008001b38       0x20 .pio/build/demo_f030f4/SrcWrapper/src/stm32/hw_config.c.o
                0x0000000008001b38                hw_config_init
 .text.HAL_GPIO_EXTI_Callback
                0x0000000008001b58       0x2c .pio/build/demo_f030f4/SrcWrapper/src/stm32/interrupt.cpp.o
                0x0000000008001b58                HAL_GPIO_EXTI_Callback
 .text.EXTI0_1_IRQHandler
                0x0000000008001b84       0x10 .pio/build/demo_f030f4/SrcWrapper/src/stm32/interrupt.cpp.o
                0x0000000008001b84                EXTI0_1_IRQHandler
 .text.EXTI2_3_IRQHandler
                0x0000000008001b94       0x10 .pio/build/demo_f030f4/SrcWrapper/src/stm32/interrupt.cpp.o
                0x0000000008001b94                EXTI2_3_IRQHandler
 .text.EXTI4_15_IRQHandler
                0x0000000008001ba4       0x16 .pio/build/demo_f030f4/SrcWrapper/src/stm32/interrupt.cpp.o
                0x0000000008001ba4                EXTI4_15_IRQHandler
 *fill*         0x0000000008001bba        0x2 
 .text.startup._GLOBAL__sub_I__Z22stm32_interrupt_enableP12GPIO_TypeDeftSt8functionIFvvEEm
                0x0000000008001bbc       0xa4 .pio/build/demo_f030f4/SrcWrapper/src/stm32/interrupt.cpp.o
 .text.exit._GLOBAL__sub_D__Z22stm32_interrupt_enableP12GPIO_TypeDeftSt8functionIFvvEEm
                0x0000000008001c60       0x1c .pio/build/demo_f030f4/SrcWrapper/src/stm32/interrupt.cpp.o
 .text.pin_in_pinmap
                0x0000000008001c7c       0x1a .pio/build/demo_f030f4/SrcWrapper/src/stm32/pinmap.c.o
                0x0000000008001c7c                pin_in_pinmap
 *fill*         0x0000000008001c96        0x2 
 .text.pin_function
                0x0000000008001c98       0xe0 .pio/build/demo_f030f4/SrcWrapper/src/stm32/pinmap.c.o
                0x0000000008001c98                pin_function
 .text.pinmap_pinout
                0x0000000008001d78       0x1e .pio/build/demo_f030f4/SrcWrapper/src/stm32/pinmap.c.o
                0x0000000008001d78                pinmap_pinout
 .text.pinmap_find_peripheral
                0x0000000008001d96       0x16 .pio/build/demo_f030f4/SrcWrapper/src/stm32/pinmap.c.o
                0x0000000008001d96                pinmap_find_peripheral
 .text.pinmap_peripheral
                0x0000000008001dac       0x12 .pio/build/demo_f030f4/SrcWrapper/src/stm32/pinmap.c.o
                0x0000000008001dac                pinmap_peripheral
 .text.pinmap_find_pin
                0x0000000008001dbe       0x18 .pio/build/demo_f030f4/SrcWrapper/src/stm32/pinmap.c.o
                0x0000000008001dbe                pinmap_find_pin
 .text.pinmap_pin
                0x0000000008001dd6       0x12 .pio/build/demo_f030f4/SrcWrapper/src/stm32/pinmap.c.o
                0x0000000008001dd6                pinmap_pin
 .text.pinmap_merge_peripheral
                0x0000000008001de8       0x18 .pio/build/demo_f030f4/SrcWrapper/src/stm32/pinmap.c.o
                0x0000000008001de8                pinmap_merge_peripheral
 .text.SystemInit
                0x0000000008001e00       0x60 .pio/build/demo_f030f4/SrcWrapper/src/stm32/system_stm32yyxx.c.o
                0x0000000008001e00                SystemInit
 .text.get_timer_obj
                0x0000000008001e60        0x4 .pio/build/demo_f030f4/SrcWrapper/src/stm32/timer.c.o
                0x0000000008001e60                get_timer_obj
 .text.enableTimerClock
                0x0000000008001e64       0xa8 .pio/build/demo_f030f4/SrcWrapper/src/stm32/timer.c.o
                0x0000000008001e64                enableTimerClock
 .text.disableTimerClock
                0x0000000008001f0c       0x7c .pio/build/demo_f030f4/SrcWrapper/src/stm32/timer.c.o
                0x0000000008001f0c                disableTimerClock
 .text.getTimerUpIrq
                0x0000000008001f88       0x54 .pio/build/demo_f030f4/SrcWrapper/src/stm32/timer.c.o
                0x0000000008001f88                getTimerUpIrq
 .text.getTimerCCIrq
                0x0000000008001fdc       0x54 .pio/build/demo_f030f4/SrcWrapper/src/stm32/timer.c.o
                0x0000000008001fdc                getTimerCCIrq
 .text.HAL_TIM_Base_MspInit
                0x0000000008002030       0x4a .pio/build/demo_f030f4/SrcWrapper/src/stm32/timer.c.o
                0x0000000008002030                HAL_TIM_Base_MspInit
 *fill*         0x000000000800207a        0x2 
 .text.uart_init.part.0
                0x000000000800207c      0x17c .pio/build/demo_f030f4/SrcWrapper/src/stm32/uart.c.o
 .text.uart_init
                0x00000000080021f8       0x10 .pio/build/demo_f030f4/SrcWrapper/src/stm32/uart.c.o
                0x00000000080021f8                uart_init
 .text.serial_rx_active
                0x0000000008002208       0x24 .pio/build/demo_f030f4/SrcWrapper/src/stm32/uart.c.o
                0x0000000008002208                serial_rx_active
 .text.serial_tx_active
                0x000000000800222c       0x24 .pio/build/demo_f030f4/SrcWrapper/src/stm32/uart.c.o
                0x000000000800222c                serial_tx_active
 .text.uart_getc
                0x0000000008002250       0x38 .pio/build/demo_f030f4/SrcWrapper/src/stm32/uart.c.o
                0x0000000008002250                uart_getc
 .text.uart_attach_rx_callback
                0x0000000008002288       0x48 .pio/build/demo_f030f4/SrcWrapper/src/stm32/uart.c.o
                0x0000000008002288                uart_attach_rx_callback
 .text.uart_attach_tx_callback
                0x00000000080022d0       0x48 .pio/build/demo_f030f4/SrcWrapper/src/stm32/uart.c.o
                0x00000000080022d0                uart_attach_tx_callback
 .text.uart_enable_tx
                0x0000000008002318       0x24 .pio/build/demo_f030f4/SrcWrapper/src/stm32/uart.c.o
                0x0000000008002318                uart_enable_tx
 .text.uart_enable_rx
                0x000000000800233c       0x24 .pio/build/demo_f030f4/SrcWrapper/src/stm32/uart.c.o
                0x000000000800233c                uart_enable_rx
 .text.HAL_UART_RxCpltCallback
                0x0000000008002360        0xe .pio/build/demo_f030f4/SrcWrapper/src/stm32/uart.c.o
                0x0000000008002360                HAL_UART_RxCpltCallback
 .text.HAL_UART_TxCpltCallback
                0x000000000800236e        0xe .pio/build/demo_f030f4/SrcWrapper/src/stm32/uart.c.o
                0x000000000800236e                HAL_UART_TxCpltCallback
 .text.HAL_UART_ErrorCallback
                0x000000000800237c       0x42 .pio/build/demo_f030f4/SrcWrapper/src/stm32/uart.c.o
                0x000000000800237c                HAL_UART_ErrorCallback
 *fill*         0x00000000080023be        0x2 
 .text.USART1_IRQHandler
                0x00000000080023c0       0x18 .pio/build/demo_f030f4/SrcWrapper/src/stm32/uart.c.o
                0x00000000080023c0                USART1_IRQHandler
 .text._sbrk    0x00000000080023d8       0x3c .pio/build/demo_f030f4/SrcWrapper/src/syscalls.c.o
                0x00000000080023d8                _sbrk
 .text._exit    0x0000000008002414        0x2 .pio/build/demo_f030f4/SrcWrapper/src/syscalls.c.o
                0x0000000008002414                _exit
 *fill*         0x0000000008002416        0x2 
 .text._kill    0x0000000008002418       0x10 .pio/build/demo_f030f4/SrcWrapper/src/syscalls.c.o
                0x0000000008002418                _kill
 .text._getpid  0x0000000008002428        0x4 .pio/build/demo_f030f4/SrcWrapper/src/syscalls.c.o
                0x0000000008002428                _getpid
 .text._ZN5Print5writeEPKc
                0x000000000800242c       0x1c .pio/build/demo_f030f4/src/main.cpp.o
                0x000000000800242c                Print::write(char const*)
 .text._Z8setupPWMv
                0x0000000008002448       0xa4 .pio/build/demo_f030f4/src/main.cpp.o
                0x0000000008002448                setupPWM()
 .text._Z6setPWMmh
                0x00000000080024ec       0x68 .pio/build/demo_f030f4/src/main.cpp.o
                0x00000000080024ec                setPWM(unsigned long, unsigned char)
 .text._Z8setStatehmh
                0x0000000008002554       0x34 .pio/build/demo_f030f4/src/main.cpp.o
                0x0000000008002554                setState(unsigned char, unsigned long, unsigned char)
 .text._Z11parseNumberPPKc
                0x0000000008002588       0x2e .pio/build/demo_f030f4/src/main.cpp.o
                0x0000000008002588                parseNumber(char const**)
 *fill*         0x00000000080025b6        0x2 
 .text.setup    0x00000000080025b8       0x48 .pio/build/demo_f030f4/src/main.cpp.o
                0x00000000080025b8                setup
 .text._Z14processCommandPKc
                0x0000000008002600      0x114 .pio/build/demo_f030f4/src/main.cpp.o
                0x0000000008002600                processCommand(char const*)
 .text.loop     0x0000000008002714       0x9c .pio/build/demo_f030f4/src/main.cpp.o
                0x0000000008002714                loop
 .text._ZN14HardwareSerial9availableEv
                0x00000000080027b0       0x16 .pio/build/demo_f030f4/libFrameworkArduino.a(HardwareSerial.cpp.o)
                0x00000000080027b0                HardwareSerial::available()
 .text._ZN14HardwareSerial4peekEv
                0x00000000080027c6       0x1c .pio/build/demo_f030f4/libFrameworkArduino.a(HardwareSerial.cpp.o)
                0x00000000080027c6                HardwareSerial::peek()
 .text._ZN14HardwareSerial17availableForWriteEv
                0x00000000080027e2       0x1c .pio/build/demo_f030f4/libFrameworkArduino.a(HardwareSerial.cpp.o)
                0x00000000080027e2                HardwareSerial::availableForWrite()
 .text._ZN14HardwareSerial5writeEh
                0x00000000080027fe       0x14 .pio/build/demo_f030f4/libFrameworkArduino.a(HardwareSerial.cpp.o)
                0x00000000080027fe                HardwareSerial::write(unsigned char)
 .text._ZN14HardwareSerial16_rx_complete_irqEP8serial_s
                0x0000000008002812       0x38 .pio/build/demo_f030f4/libFrameworkArduino.a(HardwareSerial.cpp.o)
                0x0000000008002812                HardwareSerial::_rx_complete_irq(serial_s*)
 *fill*         0x000000000800284a        0x2 
 .text._ZN14HardwareSerial16_tx_complete_irqEP8serial_s
                0x000000000800284c       0x60 .pio/build/demo_f030f4/libFrameworkArduino.a(HardwareSerial.cpp.o)
                0x000000000800284c                HardwareSerial::_tx_complete_irq(serial_s*)
 .text._ZN14HardwareSerial5writeEPKhj
                0x00000000080028ac       0xf4 .pio/build/demo_f030f4/libFrameworkArduino.a(HardwareSerial.cpp.o)
                0x00000000080028ac                HardwareSerial::write(unsigned char const*, unsigned int)
 .text._ZN14HardwareSerial5flushEv
                0x00000000080029a0       0x18 .pio/build/demo_f030f4/libFrameworkArduino.a(HardwareSerial.cpp.o)
                0x00000000080029a0                HardwareSerial::flush()
 .text._ZN14HardwareSerial4initE7PinNameS0_S0_S0_
                0x00000000080029b8       0x36 .pio/build/demo_f030f4/libFrameworkArduino.a(HardwareSerial.cpp.o)
                0x00000000080029b8                HardwareSerial::init(PinName, PinName, PinName, PinName)
 *fill*         0x00000000080029ee        0x2 
 .text._ZN14HardwareSerial5setRxEm
                0x00000000080029f0       0x50 .pio/build/demo_f030f4/libFrameworkArduino.a(HardwareSerial.cpp.o)
                0x00000000080029f0                HardwareSerial::setRx(unsigned long)
 .text._ZN14HardwareSerial5setTxEm
                0x0000000008002a40       0x50 .pio/build/demo_f030f4/libFrameworkArduino.a(HardwareSerial.cpp.o)
                0x0000000008002a40                HardwareSerial::setTx(unsigned long)
 .text._ZN14HardwareSerialC2EPv16HalfDuplexMode_t
                0x0000000008002a90       0xa0 .pio/build/demo_f030f4/libFrameworkArduino.a(HardwareSerial.cpp.o)
                0x0000000008002a90                HardwareSerial::HardwareSerial(void*, HalfDuplexMode_t)
                0x0000000008002a90                HardwareSerial::HardwareSerial(void*, HalfDuplexMode_t)
 .text._ZN14HardwareSerial18enableHalfDuplexRxEv
                0x0000000008002b30       0x2c .pio/build/demo_f030f4/libFrameworkArduino.a(HardwareSerial.cpp.o)
                0x0000000008002b30                HardwareSerial::enableHalfDuplexRx()
 .text._ZN14HardwareSerial5beginEmh
                0x0000000008002b5c       0x7c .pio/build/demo_f030f4/libFrameworkArduino.a(HardwareSerial.cpp.o)
                0x0000000008002b5c                HardwareSerial::begin(unsigned long, unsigned char)
 .text._ZN14HardwareSerial4readEv
                0x0000000008002bd8       0x30 .pio/build/demo_f030f4/libFrameworkArduino.a(HardwareSerial.cpp.o)
                0x0000000008002bd8                HardwareSerial::read()
 .text.startup._GLOBAL__sub_I_Serial1
                0x0000000008002c08       0x18 .pio/build/demo_f030f4/libFrameworkArduino.a(HardwareSerial.cpp.o)
 .text._ZN6Stream9timedReadEv
                0x0000000008002c20       0x2a .pio/build/demo_f030f4/libFrameworkArduino.a(Stream.cpp.o)
                0x0000000008002c20                Stream::timedRead()
 .text._ZN6Stream9readBytesEPcj
                0x0000000008002c4a       0x22 .pio/build/demo_f030f4/libFrameworkArduino.a(Stream.cpp.o)
                0x0000000008002c4a                Stream::readBytes(char*, unsigned int)
 .text._ZN6Stream14readBytesUntilEcPcj
                0x0000000008002c6c       0x2c .pio/build/demo_f030f4/libFrameworkArduino.a(Stream.cpp.o)
                0x0000000008002c6c                Stream::readBytesUntil(char, char*, unsigned int)
 .text.startup._Z7premainv
                0x0000000008002c98        0x8 .pio/build/demo_f030f4/libFrameworkArduino.a(main.cpp.o)
                0x0000000008002c98                premain()
 .text.startup.main
                0x0000000008002ca0       0x14 .pio/build/demo_f030f4/libFrameworkArduino.a(main.cpp.o)
                0x0000000008002ca0                main
 .text.Reset_Handler
                0x0000000008002cb4       0x50 .pio/build/demo_f030f4/libFrameworkArduino.a(startup_stm32yyxx.S.o)
                0x0000000008002cb4                Reset_Handler
 .text.Default_Handler
                0x0000000008002d04        0x2 .pio/build/demo_f030f4/libFrameworkArduino.a(startup_stm32yyxx.S.o)
                0x0000000008002d04                FLASH_IRQHandler
                0x0000000008002d04                PendSV_Handler
                0x0000000008002d04                NMI_Handler
                0x0000000008002d04                I2C1_IRQHandler
                0x0000000008002d04                SPI1_IRQHandler
                0x0000000008002d04                ADC1_IRQHandler
                0x0000000008002d04                RTC_IRQHandler
                0x0000000008002d04                RCC_IRQHandler
                0x0000000008002d04                DMA1_Channel1_IRQHandler
                0x0000000008002d04                Default_Handler
                0x0000000008002d04                DMA1_Channel4_5_IRQHandler
                0x0000000008002d04                SVC_Handler
                0x0000000008002d04                WWDG_IRQHandler
                0x0000000008002d04                DMA1_Channel2_3_IRQHandler
                0x0000000008002d04                HardFault_Handler
 *fill*         0x0000000008002d06        0x2 
 .text.pinMode  0x0000000008002d08       0xac .pio/build/demo_f030f4/libFrameworkArduino.a(wiring_digital.c.o)
                0x0000000008002d08                pinMode
 .text.digitalWrite
                0x0000000008002db4       0x78 .pio/build/demo_f030f4/libFrameworkArduino.a(wiring_digital.c.o)
                0x0000000008002db4                digitalWrite
 .text.millis   0x0000000008002e2c        0x8 .pio/build/demo_f030f4/libFrameworkArduino.a(wiring_time.c.o)
                0x0000000008002e2c                millis
 .text._Z14serialEventRunv
                0x0000000008002e34       0x20 .pio/build/demo_f030f4/libFrameworkArduino.a(WSerial.cpp.o)
                0x0000000008002e34                serialEventRun()
 .text.init     0x0000000008002e54        0x8 .pio/build/demo_f030f4/libFrameworkArduino.a(board.c.o)
                0x0000000008002e54                init
 .text.unlikely._ZSt25__throw_bad_function_callv
                0x0000000008002e5c        0x6 /Users/pierre/.platformio/packages/toolchain-gccarmnoneeabi/bin/../lib/gcc/arm-none-eabi/9.2.1/../../../../arm-none-eabi/lib/thumb/v6-m/nofp/libstdc++_nano.a(functional.o)
                0x0000000008002e5c                std::__throw_bad_function_call()
 .text.abort    0x0000000008002e62        0xe /Users/pierre/.platformio/packages/toolchain-gccarmnoneeabi/bin/../lib/gcc/arm-none-eabi/9.2.1/../../../../arm-none-eabi/lib/thumb/v6-m/nofp/libc_nano.a(lib_a-abort.o)
                0x0000000008002e62                abort
 .text.__libc_init_array
                0x0000000008002e70       0x48 /Users/pierre/.platformio/packages/toolchain-gccarmnoneeabi/bin/../lib/gcc/arm-none-eabi/9.2.1/../../../../arm-none-eabi/lib/thumb/v6-m/nofp/libc_nano.a(lib_a-init.o)
                0x0000000008002e70                __libc_init_array
 .text.malloc   0x0000000008002eb8       0x14 /Users/pierre/.platformio/packages/toolchain-gccarmnoneeabi/bin/../lib/gcc/arm-none-eabi/9.2.1/../../../../arm-none-eabi/lib/thumb/v6-m/nofp/libc_nano.a(lib_a-malloc.o)
                0x0000000008002eb8                malloc
 .text.free     0x0000000008002ecc       0x14 /Users/pierre/.platformio/packages/toolchain-gccarmnoneeabi/bin/../lib/gcc/arm-none-eabi/9.2.1/../../../../arm-none-eabi/lib/thumb/v6-m/nofp/libc_nano.a(lib_a-malloc.o)
                0x0000000008002ecc                free
 .text.memcpy   0x0000000008002ee0       0x12 /Users/pierre/.platformio/packages/toolchain-gccarmnoneeabi/bin/../lib/gcc/arm-none-eabi/9.2.1/../../../../arm-none-eabi/lib/thumb/v6-m/nofp/libc_nano.a(lib_a-memcpy-stub.o)
                0x0000000008002ee0                memcpy
 .text.memset   0x0000000008002ef2       0x10 /Users/pierre/.platformio/packages/toolchain-gccarmnoneeabi/bin/../lib/gcc/arm-none-eabi/9.2.1/../../../../arm-none-eabi/lib/thumb/v6-m/nofp/libc_nano.a(lib_a-memset.o)
                0x0000000008002ef2                memset
 *fill*         0x0000000008002f02        0x2 
 .text._free_r  0x0000000008002f04       0x94 /Users/pierre/.platformio/packages/toolchain-gccarmnoneeabi/bin/../lib/gcc/arm-none-eabi/9.2.1/../../../../arm-none-eabi/lib/thumb/v6-m/nofp/libc_nano.a(lib_a-nano-freer.o)
                0x0000000008002f04                _free_r
 .text._malloc_r
                0x0000000008002f98       0xbc /Users/pierre/.platformio/packages/toolchain-gccarmnoneeabi/bin/../lib/gcc/arm-none-eabi/9.2.1/../../../../arm-none-eabi/lib/thumb/v6-m/nofp/libc_nano.a(lib_a-nano-mallocr.o)
                0x0000000008002f98                _malloc_r
 .text._sbrk_r  0x0000000008003054       0x24 /Users/pierre/.platformio/packages/toolchain-gccarmnoneeabi/bin/../lib/gcc/arm-none-eabi/9.2.1/../../../../arm-none-eabi/lib/thumb/v6-m/nofp/libc_nano.a(lib_a-sbrkr.o)
                0x0000000008003054                _sbrk_r
 .text._raise_r
                0x0000000008003078       0x54 /Users/pierre/.platformio/packages/toolchain-gccarmnoneeabi/bin/../lib/gcc/arm-none-eabi/9.2.1/../../../../arm-none-eabi/lib/thumb/v6-m/nofp/libc_nano.a(lib_a-signal.o)
                0x0000000008003078                _raise_r
 .text.raise    0x00000000080030cc       0x14 /Users/pierre/.platformio/packages/toolchain-gccarmnoneeabi/bin/../lib/gcc/arm-none-eabi/9.2.1/../../../../arm-none-eabi/lib/thumb/v6-m/nofp/libc_nano.a(lib_a-signal.o)
                0x00000000080030cc                raise
 .text._kill_r  0x00000000080030e0       0x24 /Users/pierre/.platformio/packages/toolchain-gccarmnoneeabi/bin/../lib/gcc/arm-none-eabi/9.2.1/../../../../arm-none-eabi/lib/thumb/v6-m/nofp/libc_nano.a(lib_a-signalr.o)
                0x00000000080030e0                _kill_r
 .text._getpid_r
                0x0000000008003104        0x8 /Users/pierre/.platformio/packages/toolchain-gccarmnoneeabi/bin/../lib/gcc/arm-none-eabi/9.2.1/../../../../arm-none-eabi/lib/thumb/v6-m/nofp/libc_nano.a(lib_a-signalr.o)
                0x0000000008003104                _getpid_r
 .text.strncmp  0x000000000800310c       0x22 /Users/pierre/.platformio/packages/toolchain-gccarmnoneeabi/bin/../lib/gcc/arm-none-eabi/9.2.1/../../../../arm-none-eabi/lib/thumb/v6-m/nofp/libc_nano.a(lib_a-strncmp.o)
                0x000000000800310c                strncmp
 .text.__retarget_lock_acquire_recursive
                0x000000000800312e        0x2 /Users/pierre/.platformio/packages/toolchain-gccarmnoneeabi/bin/../lib/gcc/arm-none-eabi/9.2.1/../../../../arm-none-eabi/lib/thumb/v6-m/nofp/libc_nano.a(lib_a-lock.o)
                0x000000000800312e                __retarget_lock_acquire_recursive
 .text.__retarget_lock_release_recursive
                0x0000000008003130        0x2 /Users/pierre/.platformio/packages/toolchain-gccarmnoneeabi/bin/../lib/gcc/arm-none-eabi/9.2.1/../../../../arm-none-eabi/lib/thumb/v6-m/nofp/libc_nano.a(lib_a-lock.o)
                0x0000000008003130                __retarget_lock_release_recursive
 *fill*         0x0000000008003132        0x2 
 .text.__malloc_lock
                0x0000000008003134       0x10 /Users/pierre/.platformio/packages/toolchain-gccarmnoneeabi/bin/../lib/gcc/arm-none-eabi/9.2.1/../../../../arm-none-eabi/lib/thumb/v6-m/nofp/libc_nano.a(lib_a-mlock.o)
                0x0000000008003134                __malloc_lock
 .text.__malloc_unlock
                0x0000000008003144       0x10 /Users/pierre/.platformio/packages/toolchain-gccarmnoneeabi/bin/../lib/gcc/arm-none-eabi/9.2.1/../../../../arm-none-eabi/lib/thumb/v6-m/nofp/libc_nano.a(lib_a-mlock.o)
                0x0000000008003144                __malloc_unlock
 *(.glue_7)
 .glue_7        0x0000000008003154        0x0 linker stubs
 *(.glue_7t)
 .glue_7t       0x0000000008003154        0x0 linker stubs
 *(.eh_frame)
 .eh_frame      0x0000000008003154        0x0 /Users/pierre/.platformio/packages/toolchain-gccarmnoneeabi/bin/../lib/gcc/arm-none-eabi/9.2.1/thumb/v6-m/nofp/crtbegin.o
 *(.init)
 .init          0x0000000008003154        0x4 /Users/pierre/.platformio/packages/toolchain-gccarmnoneeabi/bin/../lib/gcc/arm-none-eabi/9.2.1/thumb/v6-m/nofp/crti.o
                0x0000000008003154                _init
 .init          0x0000000008003158        0x8 /Users/pierre/.platformio/packages/toolchain-gccarmnoneeabi/bin/../lib/gcc/arm-none-eabi/9.2.1/thumb/v6-m/nofp/crtn.o
 *(.fini)
 .fini          0x0000000008003160        0x4 /Users/pierre/.platformio/packages/toolchain-gccarmnoneeabi/bin/../lib/gcc/arm-none-eabi/9.2.1/thumb/v6-m/nofp/crti.o
                0x0000000008003160                _fini
 .fini          0x0000000008003164        0x8 /Users/pierre/.platformio/packages/toolchain-gccarmnoneeabi/bin/../lib/gcc/arm-none-eabi/9.2.1/thumb/v6-m/nofp/crtn.o
                0x000000000800316c                . = ALIGN (0x4)
                0x000000000800316c                _etext = .

.vfp11_veneer   0x000000000800316c        0x0
 .vfp11_veneer  0x000000000800316c        0x0 linker stubs

.v4_bx          0x000000000800316c        0x0
 .v4_bx         0x000000000800316c        0x0 linker stubs

.iplt           0x000000000800316c        0x0
 .iplt          0x000000000800316c        0x0 /Users/pierre/.platformio/packages/toolchain-gccarmnoneeabi/bin/../lib/gcc/arm-none-eabi/9.2.1/thumb/v6-m/nofp/crtbegin.o

.rodata         0x000000000800316c      0x2d4
                0x000000000800316c                . = ALIGN (0x4)
 *(.rodata)
 *(.rodata*)
 .rodata.PinMap_TIM
                0x000000000800316c       0x9c .pio/build/demo_f030f4/FrameworkArduinoVariant/PeripheralPins.c.o
                0x000000000800316c                PinMap_TIM
 .rodata.PinMap_UART_CTS
                0x0000000008003208       0x18 .pio/build/demo_f030f4/FrameworkArduinoVariant/PeripheralPins.c.o
                0x0000000008003208                PinMap_UART_CTS
 .rodata.PinMap_UART_RTS
                0x0000000008003220       0x18 .pio/build/demo_f030f4/FrameworkArduinoVariant/PeripheralPins.c.o
                0x0000000008003220                PinMap_UART_RTS
 .rodata.PinMap_UART_RX
                0x0000000008003238       0x24 .pio/build/demo_f030f4/FrameworkArduinoVariant/PeripheralPins.c.o
                0x0000000008003238                PinMap_UART_RX
 .rodata.PinMap_UART_TX
                0x000000000800325c       0x30 .pio/build/demo_f030f4/FrameworkArduinoVariant/PeripheralPins.c.o
                0x000000000800325c                PinMap_UART_TX
 .rodata.analogInputPin
                0x000000000800328c       0x24 .pio/build/demo_f030f4/FrameworkArduinoVariant/variant_DEMO_F030F4.cpp.o
                0x000000000800328c                analogInputPin
 .rodata.digitalPin
                0x00000000080032b0       0x3c .pio/build/demo_f030f4/FrameworkArduinoVariant/variant_DEMO_F030F4.cpp.o
                0x00000000080032b0                digitalPin
 .rodata.HAL_RCC_GetSysClockFreq.str1.1
                0x00000000080032ec       0x22 .pio/build/demo_f030f4/SrcWrapper/src/HAL/stm32yyxx_hal_rcc.c.o
 .rodata.CSWTCH.58
                0x000000000800330e        0x3 .pio/build/demo_f030f4/SrcWrapper/src/HAL/stm32yyxx_hal_uart.c.o
 *fill*         0x0000000008003311        0x3 
 .rodata.pin_map_ll
                0x0000000008003314       0x40 .pio/build/demo_f030f4/SrcWrapper/src/stm32/pinmap.c.o
                0x0000000008003314                pin_map_ll
 .rodata.AHBPrescTable
                0x0000000008003354       0x10 .pio/build/demo_f030f4/SrcWrapper/src/stm32/system_stm32yyxx.c.o
                0x0000000008003354                AHBPrescTable
 .rodata.APBPrescTable
                0x0000000008003364        0x8 .pio/build/demo_f030f4/SrcWrapper/src/stm32/system_stm32yyxx.c.o
                0x0000000008003364                APBPrescTable
 .rodata.setup.str1.1
                0x000000000800336c        0x7 .pio/build/demo_f030f4/src/main.cpp.o
 .rodata._Z14processCommandPKc.str1.1
                0x0000000008003373       0x35 .pio/build/demo_f030f4/src/main.cpp.o
 .rodata.loop.str1.1
                0x00000000080033a8        0x6 .pio/build/demo_f030f4/src/main.cpp.o
                                          0x8 (size before relaxing)
 .rodata.CSWTCH.69
                0x00000000080033ae        0x5 .pio/build/demo_f030f4/libFrameworkArduino.a(HardwareSerial.cpp.o)
 *fill*         0x00000000080033b3        0x1 
 .rodata._ZTV14HardwareSerial
                0x00000000080033b4       0x2c .pio/build/demo_f030f4/libFrameworkArduino.a(HardwareSerial.cpp.o)
                0x00000000080033b4                vtable for HardwareSerial
 .rodata.__sf_fake_stderr
                0x00000000080033e0       0x20 /Users/pierre/.platformio/packages/toolchain-gccarmnoneeabi/bin/../lib/gcc/arm-none-eabi/9.2.1/../../../../arm-none-eabi/lib/thumb/v6-m/nofp/libc_nano.a(lib_a-findfp.o)
                0x00000000080033e0                __sf_fake_stderr
 .rodata.__sf_fake_stdin
                0x0000000008003400       0x20 /Users/pierre/.platformio/packages/toolchain-gccarmnoneeabi/bin/../lib/gcc/arm-none-eabi/9.2.1/../../../../arm-none-eabi/lib/thumb/v6-m/nofp/libc_nano.a(lib_a-findfp.o)
                0x0000000008003400                __sf_fake_stdin
 .rodata.__sf_fake_stdout
                0x0000000008003420       0x20 /Users/pierre/.platformio/packages/toolchain-gccarmnoneeabi/bin/../lib/gcc/arm-none-eabi/9.2.1/../../../../arm-none-eabi/lib/thumb/v6-m/nofp/libc_nano.a(lib_a-findfp.o)
                0x0000000008003420                __sf_fake_stdout
                0x0000000008003440                . = ALIGN (0x4)

.rel.dyn        0x0000000008003440        0x0
 .rel.iplt      0x0000000008003440        0x0 /Users/pierre/.platformio/packages/toolchain-gccarmnoneeabi/bin/../lib/gcc/arm-none-eabi/9.2.1/thumb/v6-m/nofp/crtbegin.o

.ARM.extab      0x0000000008003440        0x0
                0x0000000008003440                . = ALIGN (0x4)
 *(.ARM.extab* .gnu.linkonce.armextab.*)
                0x0000000008003440                . = ALIGN (0x4)

.ARM            0x0000000008003440        0x0
                0x0000000008003440                . = ALIGN (0x4)
                0x0000000008003440                __exidx_start = .
 *(.ARM.exidx*)
                0x0000000008003440                __exidx_end = .
                0x0000000008003440                . = ALIGN (0x4)

.preinit_array  0x0000000008003440        0x0
                0x0000000008003440                . = ALIGN (0x4)
                0x0000000008003440                PROVIDE (__preinit_array_start = .)
 *(.preinit_array*)
                0x0000000008003440                PROVIDE (__preinit_array_end = .)
                0x0000000008003440                . = ALIGN (0x4)

.init_array     0x0000000008003440       0x10
                0x0000000008003440                . = ALIGN (0x4)
                0x0000000008003440                PROVIDE (__init_array_start = .)
 *(SORT_BY_NAME(.init_array.*))
 .init_array.00101
                0x0000000008003440        0x4 .pio/build/demo_f030f4/libFrameworkArduino.a(main.cpp.o)
 *(.init_array*)
 .init_array    0x0000000008003444        0x4 /Users/pierre/.platformio/packages/toolchain-gccarmnoneeabi/bin/../lib/gcc/arm-none-eabi/9.2.1/thumb/v6-m/nofp/crtbegin.o
 .init_array    0x0000000008003448        0x4 .pio/build/demo_f030f4/SrcWrapper/src/stm32/interrupt.cpp.o
 .init_array    0x000000000800344c        0x4 .pio/build/demo_f030f4/libFrameworkArduino.a(HardwareSerial.cpp.o)
                0x0000000008003450                PROVIDE (__init_array_end = .)
                0x0000000008003450                . = ALIGN (0x4)

.fini_array     0x0000000008003450        0x8
                0x0000000008003450                . = ALIGN (0x4)
                [!provide]                        PROVIDE (__fini_array_start = .)
 *(SORT_BY_NAME(.fini_array.*))
 *(.fini_array*)
 .fini_array    0x0000000008003450        0x4 /Users/pierre/.platformio/packages/toolchain-gccarmnoneeabi/bin/../lib/gcc/arm-none-eabi/9.2.1/thumb/v6-m/nofp/crtbegin.o
 .fini_array    0x0000000008003454        0x4 .pio/build/demo_f030f4/SrcWrapper/src/stm32/interrupt.cpp.o
                [!provide]                        PROVIDE (__fini_array_end = .)
                0x0000000008003458                . = ALIGN (0x4)
                0x0000000008003458                _sidata = LOADADDR (.data)

.data           0x0000000020000000       0xa4 load address 0x0000000008003458
                0x0000000020000000                . = ALIGN (0x4)
                0x0000000020000000                _sdata = .
 *(.data)
 *(.data*)
 .data.uwTickFreq
                0x0000000020000000        0x1 .pio/build/demo_f030f4/SrcWrapper/src/HAL/stm32yyxx_hal.c.o
                0x0000000020000000                uwTickFreq
 *fill*         0x0000000020000001        0x3 
 .data.uwTickPrio
                0x0000000020000004        0x4 .pio/build/demo_f030f4/SrcWrapper/src/HAL/stm32yyxx_hal.c.o
                0x0000000020000004                uwTickPrio
 .data.GPIOPort
                0x0000000020000008       0x14 .pio/build/demo_f030f4/SrcWrapper/src/stm32/PortNames.c.o
                0x0000000020000008                GPIOPort
 .data.hcrc     0x000000002000001c       0x1c .pio/build/demo_f030f4/SrcWrapper/src/stm32/hw_config.c.o
                0x000000002000001c                hcrc
 .data.SystemCoreClock
                0x0000000020000038        0x4 .pio/build/demo_f030f4/SrcWrapper/src/stm32/system_stm32yyxx.c.o
                0x0000000020000038                SystemCoreClock
 .data.heap_end.6969
                0x000000002000003c        0x4 .pio/build/demo_f030f4/SrcWrapper/src/syscalls.c.o
 .data._impure_ptr
                0x0000000020000040        0x4 /Users/pierre/.platformio/packages/toolchain-gccarmnoneeabi/bin/../lib/gcc/arm-none-eabi/9.2.1/../../../../arm-none-eabi/lib/thumb/v6-m/nofp/libc_nano.a(lib_a-impure.o)
                0x0000000020000040                _impure_ptr
 .data.impure_data
                0x0000000020000044       0x60 /Users/pierre/.platformio/packages/toolchain-gccarmnoneeabi/bin/../lib/gcc/arm-none-eabi/9.2.1/../../../../arm-none-eabi/lib/thumb/v6-m/nofp/libc_nano.a(lib_a-impure.o)
 *(.RamFunc)
 *(.RamFunc*)
                0x00000000200000a4                . = ALIGN (0x4)
                0x00000000200000a4                _edata = .

.igot.plt       0x00000000200000a4        0x0 load address 0x00000000080034fc
 .igot.plt      0x00000000200000a4        0x0 /Users/pierre/.platformio/packages/toolchain-gccarmnoneeabi/bin/../lib/gcc/arm-none-eabi/9.2.1/thumb/v6-m/nofp/crtbegin.o
                0x00000000200000a4                . = ALIGN (0x4)

.bss            0x00000000200000a4      0x320 load address 0x00000000080034fc
                0x00000000200000a4                _sbss = .
                0x00000000200000a4                __bss_start__ = _sbss
 *(.bss)
 *(.bss*)
 .bss.completed.8911
                0x00000000200000a4        0x1 /Users/pierre/.platformio/packages/toolchain-gccarmnoneeabi/bin/../lib/gcc/arm-none-eabi/9.2.1/thumb/v6-m/nofp/crtbegin.o
 *fill*         0x00000000200000a5        0x3 
 .bss.object.8916
                0x00000000200000a8       0x18 /Users/pierre/.platformio/packages/toolchain-gccarmnoneeabi/bin/../lib/gcc/arm-none-eabi/9.2.1/thumb/v6-m/nofp/crtbegin.o
 .bss.HardwareTimer_Handle
                0x00000000200000c0       0x14 .pio/build/demo_f030f4/SrcWrapper/src/HardwareTimer.cpp.o
                0x00000000200000c0                HardwareTimer_Handle
 .bss._ZL13gpio_irq_conf
                0x00000000200000d4      0x140 .pio/build/demo_f030f4/SrcWrapper/src/stm32/interrupt.cpp.o
 .bss.uart_handlers
                0x0000000020000214        0x4 .pio/build/demo_f030f4/SrcWrapper/src/stm32/uart.c.o
 .bss._ZZ4loopE12lastCharTime
                0x0000000020000218        0x4 .pio/build/demo_f030f4/src/main.cpp.o
 .bss._ZZ4loopE3cmd
                0x000000002000021c       0x20 .pio/build/demo_f030f4/src/main.cpp.o
 .bss._ZZ4loopE3idx
                0x000000002000023c        0x1 .pio/build/demo_f030f4/src/main.cpp.o
 *fill*         0x000000002000023d        0x3 
 .bss.Serial1   0x0000000020000240      0x154 .pio/build/demo_f030f4/libFrameworkArduino.a(HardwareSerial.cpp.o)
                0x0000000020000240                Serial1
 .bss.g_anOutputPinConfigured
                0x0000000020000394       0x14 .pio/build/demo_f030f4/libFrameworkArduino.a(wiring_analog.c.o)
                0x0000000020000394                g_anOutputPinConfigured
 .bss.__malloc_free_list
                0x00000000200003a8        0x4 /Users/pierre/.platformio/packages/toolchain-gccarmnoneeabi/bin/../lib/gcc/arm-none-eabi/9.2.1/../../../../arm-none-eabi/lib/thumb/v6-m/nofp/libc_nano.a(lib_a-nano-mallocr.o)
                0x00000000200003a8                __malloc_free_list
 .bss.__malloc_sbrk_start
                0x00000000200003ac        0x4 /Users/pierre/.platformio/packages/toolchain-gccarmnoneeabi/bin/../lib/gcc/arm-none-eabi/9.2.1/../../../../arm-none-eabi/lib/thumb/v6-m/nofp/libc_nano.a(lib_a-nano-mallocr.o)
                0x00000000200003ac                __malloc_sbrk_start
 *(COMMON)
 COMMON         0x00000000200003b0        0x4 .pio/build/demo_f030f4/SrcWrapper/src/HAL/stm32yyxx_hal.c.o
                0x00000000200003b0                uwTick
 COMMON         0x00000000200003b4        0x4 /Users/pierre/.platformio/packages/toolchain-gccarmnoneeabi/bin/../lib/gcc/arm-none-eabi/9.2.1/../../../../arm-none-eabi/lib/thumb/v6-m/nofp/libc_nano.a(lib_a-reent.o)
                0x00000000200003b4                errno
 COMMON         0x00000000200003b8        0x9 /Users/pierre/.platformio/packages/toolchain-gccarmnoneeabi/bin/../lib/gcc/arm-none-eabi/9.2.1/../../../../arm-none-eabi/lib/thumb/v6-m/nofp/libc_nano.a(lib_a-lock.o)
                0x00000000200003b8                __lock___atexit_recursive_mutex
                0x00000000200003b9                __lock___arc4random_mutex
                0x00000000200003ba                __lock___env_recursive_mutex
                0x00000000200003bb                __lock___sinit_recursive_mutex
                0x00000000200003bc                __lock___malloc_recursive_mutex
                0x00000000200003bd                __lock___at_quick_exit_mutex
                0x00000000200003be                __lock___dd_hash_mutex
                0x00000000200003bf                __lock___tz_mutex
                0x00000000200003c0                __lock___sfp_recursive_mutex
                0x00000000200003c4                . = ALIGN (0x4)
 *fill*         0x00000000200003c1        0x3 
                0x00000000200003c4                _ebss = .
                0x00000000200003c4                __bss_end__ = _ebss
LOAD /Users/pierre/.platformio/packages/toolchain-gccarmnoneeabi/bin/../lib/gcc/arm-none-eabi/9.2.1/thumb/v6-m/nofp/crti.o
LOAD /Users/pierre/.platformio/packages/toolchain-gccarmnoneeabi/bin/../lib/gcc/arm-none-eabi/9.2.1/thumb/v6-m/nofp/crtbegin.o
LOAD /Users/pierre/.platformio/packages/toolchain-gccarmnoneeabi/bin/../lib/gcc/arm-none-eabi/9.2.1/../../../../arm-none-eabi/lib/thumb/v6-m/nofp/crt0.o
                0x0000000000004000                LD_MAX_SIZE = 0x4000
                0x0000000000001000                LD_MAX_DATA_SIZE = 0x1000
                0x0000000000000000                LD_FLASH_OFFSET = 0x0
LOAD .pio/build/demo_f030f4/FrameworkArduinoVariant/PeripheralPins.c.o
LOAD .pio/build/demo_f030f4/FrameworkArduinoVariant/generic_clock.c.o
LOAD .pio/build/demo_f030f4/FrameworkArduinoVariant/variant_DEMO_F030F4.cpp.o
LOAD .pio/build/demo_f030f4/FrameworkArduinoVariant/variant_generic.cpp.o
LOAD .pio/build/demo_f030f4/SrcWrapper/src/HAL/stm32yyxx_hal.c.o
LOAD .pio/build/demo_f030f4/SrcWrapper/src/HAL/stm32yyxx_hal_adc.c.o
LOAD .pio/build/demo_f030f4/SrcWrapper/src/HAL/stm32yyxx_hal_adc_ex.c.o
LOAD .pio/build/demo_f030f4/SrcWrapper/src/HAL/stm32yyxx_hal_can.c.o
LOAD .pio/build/demo_f030f4/SrcWrapper/src/HAL/stm32yyxx_hal_cec.c.o
LOAD .pio/build/demo_f030f4/SrcWrapper/src/HAL/stm32yyxx_hal_comp.c.o
LOAD .pio/build/demo_f030f4/SrcWrapper/src/HAL/stm32yyxx_hal_comp_ex.c.o
LOAD .pio/build/demo_f030f4/SrcWrapper/src/HAL/stm32yyxx_hal_cordic.c.o
LOAD .pio/build/demo_f030f4/SrcWrapper/src/HAL/stm32yyxx_hal_cortex.c.o
LOAD .pio/build/demo_f030f4/SrcWrapper/src/HAL/stm32yyxx_hal_crc.c.o
LOAD .pio/build/demo_f030f4/SrcWrapper/src/HAL/stm32yyxx_hal_crc_ex.c.o
LOAD .pio/build/demo_f030f4/SrcWrapper/src/HAL/stm32yyxx_hal_cryp.c.o
LOAD .pio/build/demo_f030f4/SrcWrapper/src/HAL/stm32yyxx_hal_cryp_ex.c.o
LOAD .pio/build/demo_f030f4/SrcWrapper/src/HAL/stm32yyxx_hal_dac.c.o
LOAD .pio/build/demo_f030f4/SrcWrapper/src/HAL/stm32yyxx_hal_dac_ex.c.o
LOAD .pio/build/demo_f030f4/SrcWrapper/src/HAL/stm32yyxx_hal_dcache.c.o
LOAD .pio/build/demo_f030f4/SrcWrapper/src/HAL/stm32yyxx_hal_dcmi.c.o
LOAD .pio/build/demo_f030f4/SrcWrapper/src/HAL/stm32yyxx_hal_dcmi_ex.c.o
LOAD .pio/build/demo_f030f4/SrcWrapper/src/HAL/stm32yyxx_hal_dfsdm.c.o
LOAD .pio/build/demo_f030f4/SrcWrapper/src/HAL/stm32yyxx_hal_dfsdm_ex.c.o
LOAD .pio/build/demo_f030f4/SrcWrapper/src/HAL/stm32yyxx_hal_dma.c.o
LOAD .pio/build/demo_f030f4/SrcWrapper/src/HAL/stm32yyxx_hal_dma2d.c.o
LOAD .pio/build/demo_f030f4/SrcWrapper/src/HAL/stm32yyxx_hal_dma_ex.c.o
LOAD .pio/build/demo_f030f4/SrcWrapper/src/HAL/stm32yyxx_hal_dsi.c.o
LOAD .pio/build/demo_f030f4/SrcWrapper/src/HAL/stm32yyxx_hal_dts.c.o
LOAD .pio/build/demo_f030f4/SrcWrapper/src/HAL/stm32yyxx_hal_eth.c.o
LOAD .pio/build/demo_f030f4/SrcWrapper/src/HAL/stm32yyxx_hal_eth_ex.c.o
LOAD .pio/build/demo_f030f4/SrcWrapper/src/HAL/stm32yyxx_hal_exti.c.o
LOAD .pio/build/demo_f030f4/SrcWrapper/src/HAL/stm32yyxx_hal_fdcan.c.o
LOAD .pio/build/demo_f030f4/SrcWrapper/src/HAL/stm32yyxx_hal_firewall.c.o
LOAD .pio/build/demo_f030f4/SrcWrapper/src/HAL/stm32yyxx_hal_flash.c.o
LOAD .pio/build/demo_f030f4/SrcWrapper/src/HAL/stm32yyxx_hal_flash_ex.c.o
LOAD .pio/build/demo_f030f4/SrcWrapper/src/HAL/stm32yyxx_hal_flash_ramfunc.c.o
LOAD .pio/build/demo_f030f4/SrcWrapper/src/HAL/stm32yyxx_hal_fmac.c.o
LOAD .pio/build/demo_f030f4/SrcWrapper/src/HAL/stm32yyxx_hal_fmpi2c.c.o
LOAD .pio/build/demo_f030f4/SrcWrapper/src/HAL/stm32yyxx_hal_fmpi2c_ex.c.o
LOAD .pio/build/demo_f030f4/SrcWrapper/src/HAL/stm32yyxx_hal_fmpsmbus.c.o
LOAD .pio/build/demo_f030f4/SrcWrapper/src/HAL/stm32yyxx_hal_fmpsmbus_ex.c.o
LOAD .pio/build/demo_f030f4/SrcWrapper/src/HAL/stm32yyxx_hal_gfxmmu.c.o
LOAD .pio/build/demo_f030f4/SrcWrapper/src/HAL/stm32yyxx_hal_gpio.c.o
LOAD .pio/build/demo_f030f4/SrcWrapper/src/HAL/stm32yyxx_hal_gpio_ex.c.o
LOAD .pio/build/demo_f030f4/SrcWrapper/src/HAL/stm32yyxx_hal_gpu2d.c.o
LOAD .pio/build/demo_f030f4/SrcWrapper/src/HAL/stm32yyxx_hal_gtzc.c.o
LOAD .pio/build/demo_f030f4/SrcWrapper/src/HAL/stm32yyxx_hal_hash.c.o
LOAD .pio/build/demo_f030f4/SrcWrapper/src/HAL/stm32yyxx_hal_hash_ex.c.o
LOAD .pio/build/demo_f030f4/SrcWrapper/src/HAL/stm32yyxx_hal_hcd.c.o
LOAD .pio/build/demo_f030f4/SrcWrapper/src/HAL/stm32yyxx_hal_hrtim.c.o
LOAD .pio/build/demo_f030f4/SrcWrapper/src/HAL/stm32yyxx_hal_hsem.c.o
LOAD .pio/build/demo_f030f4/SrcWrapper/src/HAL/stm32yyxx_hal_i2c.c.o
LOAD .pio/build/demo_f030f4/SrcWrapper/src/HAL/stm32yyxx_hal_i2c_ex.c.o
LOAD .pio/build/demo_f030f4/SrcWrapper/src/HAL/stm32yyxx_hal_i2s.c.o
LOAD .pio/build/demo_f030f4/SrcWrapper/src/HAL/stm32yyxx_hal_i2s_ex.c.o
LOAD .pio/build/demo_f030f4/SrcWrapper/src/HAL/stm32yyxx_hal_icache.c.o
LOAD .pio/build/demo_f030f4/SrcWrapper/src/HAL/stm32yyxx_hal_ipcc.c.o
LOAD .pio/build/demo_f030f4/SrcWrapper/src/HAL/stm32yyxx_hal_irda.c.o
LOAD .pio/build/demo_f030f4/SrcWrapper/src/HAL/stm32yyxx_hal_iwdg.c.o
LOAD .pio/build/demo_f030f4/SrcWrapper/src/HAL/stm32yyxx_hal_jpeg.c.o
LOAD .pio/build/demo_f030f4/SrcWrapper/src/HAL/stm32yyxx_hal_lcd.c.o
LOAD .pio/build/demo_f030f4/SrcWrapper/src/HAL/stm32yyxx_hal_lptim.c.o
LOAD .pio/build/demo_f030f4/SrcWrapper/src/HAL/stm32yyxx_hal_ltdc.c.o
LOAD .pio/build/demo_f030f4/SrcWrapper/src/HAL/stm32yyxx_hal_ltdc_ex.c.o
LOAD .pio/build/demo_f030f4/SrcWrapper/src/HAL/stm32yyxx_hal_mdf.c.o
LOAD .pio/build/demo_f030f4/SrcWrapper/src/HAL/stm32yyxx_hal_mdios.c.o
LOAD .pio/build/demo_f030f4/SrcWrapper/src/HAL/stm32yyxx_hal_mdma.c.o
LOAD .pio/build/demo_f030f4/SrcWrapper/src/HAL/stm32yyxx_hal_mmc.c.o
LOAD .pio/build/demo_f030f4/SrcWrapper/src/HAL/stm32yyxx_hal_mmc_ex.c.o
LOAD .pio/build/demo_f030f4/SrcWrapper/src/HAL/stm32yyxx_hal_nand.c.o
LOAD .pio/build/demo_f030f4/SrcWrapper/src/HAL/stm32yyxx_hal_nor.c.o
LOAD .pio/build/demo_f030f4/SrcWrapper/src/HAL/stm32yyxx_hal_opamp.c.o
LOAD .pio/build/demo_f030f4/SrcWrapper/src/HAL/stm32yyxx_hal_opamp_ex.c.o
LOAD .pio/build/demo_f030f4/SrcWrapper/src/HAL/stm32yyxx_hal_ospi.c.o
LOAD .pio/build/demo_f030f4/SrcWrapper/src/HAL/stm32yyxx_hal_otfdec.c.o
LOAD .pio/build/demo_f030f4/SrcWrapper/src/HAL/stm32yyxx_hal_pccard.c.o
LOAD .pio/build/demo_f030f4/SrcWrapper/src/HAL/stm32yyxx_hal_pcd.c.o
LOAD .pio/build/demo_f030f4/SrcWrapper/src/HAL/stm32yyxx_hal_pcd_ex.c.o
LOAD .pio/build/demo_f030f4/SrcWrapper/src/HAL/stm32yyxx_hal_pka.c.o
LOAD .pio/build/demo_f030f4/SrcWrapper/src/HAL/stm32yyxx_hal_pssi.c.o
LOAD .pio/build/demo_f030f4/SrcWrapper/src/HAL/stm32yyxx_hal_pwr.c.o
LOAD .pio/build/demo_f030f4/SrcWrapper/src/HAL/stm32yyxx_hal_pwr_ex.c.o
LOAD .pio/build/demo_f030f4/SrcWrapper/src/HAL/stm32yyxx_hal_qspi.c.o
LOAD .pio/build/demo_f030f4/SrcWrapper/src/HAL/stm32yyxx_hal_ramcfg.c.o
LOAD .pio/build/demo_f030f4/SrcWrapper/src/HAL/stm32yyxx_hal_ramecc.c.o
LOAD .pio/build/demo_f030f4/SrcWrapper/src/HAL/stm32yyxx_hal_rcc.c.o
LOAD .pio/build/demo_f030f4/SrcWrapper/src/HAL/stm32yyxx_hal_rcc_ex.c.o
LOAD .pio/build/demo_f030f4/SrcWrapper/src/HAL/stm32yyxx_hal_rng.c.o
LOAD .pio/build/demo_f030f4/SrcWrapper/src/HAL/stm32yyxx_hal_rng_ex.c.o
LOAD .pio/build/demo_f030f4/SrcWrapper/src/HAL/stm32yyxx_hal_rtc.c.o
LOAD .pio/build/demo_f030f4/SrcWrapper/src/HAL/stm32yyxx_hal_rtc_ex.c.o
LOAD .pio/build/demo_f030f4/SrcWrapper/src/HAL/stm32yyxx_hal_sai.c.o
LOAD .pio/build/demo_f030f4/SrcWrapper/src/HAL/stm32yyxx_hal_sai_ex.c.o
LOAD .pio/build/demo_f030f4/SrcWrapper/src/HAL/stm32yyxx_hal_sd.c.o
LOAD .pio/build/demo_f030f4/SrcWrapper/src/HAL/stm32yyxx_hal_sd_ex.c.o
LOAD .pio/build/demo_f030f4/SrcWrapper/src/HAL/stm32yyxx_hal_sdadc.c.o
LOAD .pio/build/demo_f030f4/SrcWrapper/src/HAL/stm32yyxx_hal_sdram.c.o
LOAD .pio/build/demo_f030f4/SrcWrapper/src/HAL/stm32yyxx_hal_smartcard.c.o
LOAD .pio/build/demo_f030f4/SrcWrapper/src/HAL/stm32yyxx_hal_smartcard_ex.c.o
LOAD .pio/build/demo_f030f4/SrcWrapper/src/HAL/stm32yyxx_hal_smbus.c.o
LOAD .pio/build/demo_f030f4/SrcWrapper/src/HAL/stm32yyxx_hal_smbus_ex.c.o
LOAD .pio/build/demo_f030f4/SrcWrapper/src/HAL/stm32yyxx_hal_spdifrx.c.o
LOAD .pio/build/demo_f030f4/SrcWrapper/src/HAL/stm32yyxx_hal_spi.c.o
LOAD .pio/build/demo_f030f4/SrcWrapper/src/HAL/stm32yyxx_hal_spi_ex.c.o
LOAD .pio/build/demo_f030f4/SrcWrapper/src/HAL/stm32yyxx_hal_sram.c.o
LOAD .pio/build/demo_f030f4/SrcWrapper/src/HAL/stm32yyxx_hal_subghz.c.o
LOAD .pio/build/demo_f030f4/SrcWrapper/src/HAL/stm32yyxx_hal_swpmi.c.o
LOAD .pio/build/demo_f030f4/SrcWrapper/src/HAL/stm32yyxx_hal_tim.c.o
LOAD .pio/build/demo_f030f4/SrcWrapper/src/HAL/stm32yyxx_hal_tim_ex.c.o
LOAD .pio/build/demo_f030f4/SrcWrapper/src/HAL/stm32yyxx_hal_tsc.c.o
LOAD .pio/build/demo_f030f4/SrcWrapper/src/HAL/stm32yyxx_hal_uart.c.o
LOAD .pio/build/demo_f030f4/SrcWrapper/src/HAL/stm32yyxx_hal_uart_ex.c.o
LOAD .pio/build/demo_f030f4/SrcWrapper/src/HAL/stm32yyxx_hal_usart.c.o
LOAD .pio/build/demo_f030f4/SrcWrapper/src/HAL/stm32yyxx_hal_usart_ex.c.o
LOAD .pio/build/demo_f030f4/SrcWrapper/src/HAL/stm32yyxx_hal_wwdg.c.o
LOAD .pio/build/demo_f030f4/SrcWrapper/src/HAL/stm32yyxx_hal_xspi.c.o
LOAD .pio/build/demo_f030f4/SrcWrapper/src/HardwareTimer.cpp.o
LOAD .pio/build/demo_f030f4/SrcWrapper/src/LL/stm32yyxx_ll_adc.c.o
LOAD .pio/build/demo_f030f4/SrcWrapper/src/LL/stm32yyxx_ll_bdma.c.o
LOAD .pio/build/demo_f030f4/SrcWrapper/src/LL/stm32yyxx_ll_comp.c.o
LOAD .pio/build/demo_f030f4/SrcWrapper/src/LL/stm32yyxx_ll_cordic.c.o
LOAD .pio/build/demo_f030f4/SrcWrapper/src/LL/stm32yyxx_ll_crc.c.o
LOAD .pio/build/demo_f030f4/SrcWrapper/src/LL/stm32yyxx_ll_crs.c.o
LOAD .pio/build/demo_f030f4/SrcWrapper/src/LL/stm32yyxx_ll_dac.c.o
LOAD .pio/build/demo_f030f4/SrcWrapper/src/LL/stm32yyxx_ll_delayblock.c.o
LOAD .pio/build/demo_f030f4/SrcWrapper/src/LL/stm32yyxx_ll_dlyb.c.o
LOAD .pio/build/demo_f030f4/SrcWrapper/src/LL/stm32yyxx_ll_dma.c.o
LOAD .pio/build/demo_f030f4/SrcWrapper/src/LL/stm32yyxx_ll_dma2d.c.o
LOAD .pio/build/demo_f030f4/SrcWrapper/src/LL/stm32yyxx_ll_exti.c.o
LOAD .pio/build/demo_f030f4/SrcWrapper/src/LL/stm32yyxx_ll_fmac.c.o
LOAD .pio/build/demo_f030f4/SrcWrapper/src/LL/stm32yyxx_ll_fmc.c.o
LOAD .pio/build/demo_f030f4/SrcWrapper/src/LL/stm32yyxx_ll_fmpi2c.c.o
LOAD .pio/build/demo_f030f4/SrcWrapper/src/LL/stm32yyxx_ll_fsmc.c.o
LOAD .pio/build/demo_f030f4/SrcWrapper/src/LL/stm32yyxx_ll_gpio.c.o
LOAD .pio/build/demo_f030f4/SrcWrapper/src/LL/stm32yyxx_ll_hrtim.c.o
LOAD .pio/build/demo_f030f4/SrcWrapper/src/LL/stm32yyxx_ll_i2c.c.o
LOAD .pio/build/demo_f030f4/SrcWrapper/src/LL/stm32yyxx_ll_icache.c.o
LOAD .pio/build/demo_f030f4/SrcWrapper/src/LL/stm32yyxx_ll_lpgpio.c.o
LOAD .pio/build/demo_f030f4/SrcWrapper/src/LL/stm32yyxx_ll_lptim.c.o
LOAD .pio/build/demo_f030f4/SrcWrapper/src/LL/stm32yyxx_ll_lpuart.c.o
LOAD .pio/build/demo_f030f4/SrcWrapper/src/LL/stm32yyxx_ll_mdma.c.o
LOAD .pio/build/demo_f030f4/SrcWrapper/src/LL/stm32yyxx_ll_opamp.c.o
LOAD .pio/build/demo_f030f4/SrcWrapper/src/LL/stm32yyxx_ll_pka.c.o
LOAD .pio/build/demo_f030f4/SrcWrapper/src/LL/stm32yyxx_ll_pwr.c.o
LOAD .pio/build/demo_f030f4/SrcWrapper/src/LL/stm32yyxx_ll_rcc.c.o
LOAD .pio/build/demo_f030f4/SrcWrapper/src/LL/stm32yyxx_ll_rng.c.o
LOAD .pio/build/demo_f030f4/SrcWrapper/src/LL/stm32yyxx_ll_rtc.c.o
LOAD .pio/build/demo_f030f4/SrcWrapper/src/LL/stm32yyxx_ll_sdmmc.c.o
LOAD .pio/build/demo_f030f4/SrcWrapper/src/LL/stm32yyxx_ll_spi.c.o
LOAD .pio/build/demo_f030f4/SrcWrapper/src/LL/stm32yyxx_ll_swpmi.c.o
LOAD .pio/build/demo_f030f4/SrcWrapper/src/LL/stm32yyxx_ll_tim.c.o
LOAD .pio/build/demo_f030f4/SrcWrapper/src/LL/stm32yyxx_ll_ucpd.c.o
LOAD .pio/build/demo_f030f4/SrcWrapper/src/LL/stm32yyxx_ll_usart.c.o
LOAD .pio/build/demo_f030f4/SrcWrapper/src/LL/stm32yyxx_ll_usb.c.o
LOAD .pio/build/demo_f030f4/SrcWrapper/src/LL/stm32yyxx_ll_utils.c.o
LOAD .pio/build/demo_f030f4/SrcWrapper/src/new.cpp.o
LOAD .pio/build/demo_f030f4/SrcWrapper/src/stm32/PortNames.c.o
LOAD .pio/build/demo_f030f4/SrcWrapper/src/stm32/analog.cpp.o
LOAD .pio/build/demo_f030f4/SrcWrapper/src/stm32/bootloader.c.o
LOAD .pio/build/demo_f030f4/SrcWrapper/src/stm32/clock.c.o
LOAD .pio/build/demo_f030f4/SrcWrapper/src/stm32/core_callback.c.o
LOAD .pio/build/demo_f030f4/SrcWrapper/src/stm32/dwt.c.o
LOAD .pio/build/demo_f030f4/SrcWrapper/src/stm32/hw_config.c.o
LOAD .pio/build/demo_f030f4/SrcWrapper/src/stm32/interrupt.cpp.o
LOAD .pio/build/demo_f030f4/SrcWrapper/src/stm32/otp.c.o
LOAD .pio/build/demo_f030f4/SrcWrapper/src/stm32/pinmap.c.o
LOAD .pio/build/demo_f030f4/SrcWrapper/src/stm32/stm32_def.c.o
LOAD .pio/build/demo_f030f4/SrcWrapper/src/stm32/system_stm32yyxx.c.o
LOAD .pio/build/demo_f030f4/SrcWrapper/src/stm32/timer.c.o
LOAD .pio/build/demo_f030f4/SrcWrapper/src/stm32/uart.c.o
LOAD .pio/build/demo_f030f4/SrcWrapper/src/syscalls.c.o
LOAD .pio/build/demo_f030f4/src/main.cpp.o
START GROUP
LOAD .pio/build/demo_f030f4/libFrameworkArduino.a
LOAD /Users/pierre/.platformio/packages/framework-cmsis/CMSIS/DSP/Lib/GCC/libarm_cortexM0l_math.a
LOAD /Users/pierre/.platformio/packages/toolchain-gccarmnoneeabi/bin/../lib/gcc/arm-none-eabi/9.2.1/thumb/v6-m/nofp/libgcc.a
LOAD /Users/pierre/.platformio/packages/toolchain-gccarmnoneeabi/bin/../lib/gcc/arm-none-eabi/9.2.1/../../../../arm-none-eabi/lib/thumb/v6-m/nofp/libstdc++_nano.a
END GROUP
LOAD /Users/pierre/.platformio/packages/toolchain-gccarmnoneeabi/bin/../lib/gcc/arm-none-eabi/9.2.1/../../../../arm-none-eabi/lib/thumb/v6-m/nofp/libstdc++_nano.a
LOAD /Users/pierre/.platformio/packages/toolchain-gccarmnoneeabi/bin/../lib/gcc/arm-none-eabi/9.2.1/../../../../arm-none-eabi/lib/thumb/v6-m/nofp/libm.a
LOAD /Users/pierre/.platformio/packages/toolchain-gccarmnoneeabi/bin/../lib/gcc/arm-none-eabi/9.2.1/../../../../arm-none-eabi/lib/thumb/v6-m/nofp/libc_nano.a
START GROUP
LOAD /Users/pierre/.platformio/packages/toolchain-gccarmnoneeabi/bin/../lib/gcc/arm-none-eabi/9.2.1/thumb/v6-m/nofp/libgcc.a
LOAD /Users/pierre/.platformio/packages/toolchain-gccarmnoneeabi/bin/../lib/gcc/arm-none-eabi/9.2.1/../../../../arm-none-eabi/lib/thumb/v6-m/nofp/libc_nano.a
END GROUP
START GROUP
LOAD /Users/pierre/.platformio/packages/toolchain-gccarmnoneeabi/bin/../lib/gcc/arm-none-eabi/9.2.1/thumb/v6-m/nofp/libgcc.a
LOAD /Users/pierre/.platformio/packages/toolchain-gccarmnoneeabi/bin/../lib/gcc/arm-none-eabi/9.2.1/../../../../arm-none-eabi/lib/thumb/v6-m/nofp/libc_nano.a
END GROUP
LOAD /Users/pierre/.platformio/packages/toolchain-gccarmnoneeabi/bin/../lib/gcc/arm-none-eabi/9.2.1/thumb/v6-m/nofp/crtend.o
LOAD /Users/pierre/.platformio/packages/toolchain-gccarmnoneeabi/bin/../lib/gcc/arm-none-eabi/9.2.1/thumb/v6-m/nofp/crtn.o

.noinit         0x00000000200003c4        0x0
                0x00000000200003c4                . = ALIGN (0x4)
                0x00000000200003c4                _snoinit = .
 *(.noinit)
 *(.noinit*)
                0x00000000200003c4                . = ALIGN (0x4)
                0x00000000200003c4                _enoinit = .

._user_heap_stack
                0x00000000200003c4      0x604
                0x00000000200003c8                . = ALIGN (0x8)
 *fill*         0x00000000200003c4        0x4 
                [!provide]                        PROVIDE (end = .)
                0x00000000200003c8                PROVIDE (_end = .)
                0x00000000200005c8                . = (. + _Min_Heap_Size)
 *fill*         0x00000000200003c8      0x200 
                0x00000000200009c8                . = (. + _Min_Stack_Size)
 *fill*         0x00000000200005c8      0x400 
                0x00000000200009c8                . = ALIGN (0x8)

/DISCARD/
 libc.a(*)
 libm.a(*)
 libgcc.a(*)

.ARM.attributes
                0x0000000000000000       0x28
 *(.ARM.attributes)
 .ARM.attributes
                0x0000000000000000       0x1e /Users/pierre/.platformio/packages/toolchain-gccarmnoneeabi/bin/../lib/gcc/arm-none-eabi/9.2.1/thumb/v6-m/nofp/crti.o
 .ARM.attributes
                0x000000000000001e       0x2c /Users/pierre/.platformio/packages/toolchain-gccarmnoneeabi/bin/../lib/gcc/arm-none-eabi/9.2.1/thumb/v6-m/nofp/crtbegin.o
 .ARM.attributes
                0x000000000000004a       0x31 .pio/build/demo_f030f4/FrameworkArduinoVariant/PeripheralPins.c.o
 .ARM.attributes
                0x000000000000007b       0x2c .pio/build/demo_f030f4/FrameworkArduinoVariant/variant_DEMO_F030F4.cpp.o
 .ARM.attributes
                0x00000000000000a7       0x2c .pio/build/demo_f030f4/SrcWrapper/src/HAL/stm32yyxx_hal.c.o
 .ARM.attributes
                0x00000000000000d3       0x2c .pio/build/demo_f030f4/SrcWrapper/src/HAL/stm32yyxx_hal_cortex.c.o
 .ARM.attributes
                0x00000000000000ff       0x2c .pio/build/demo_f030f4/SrcWrapper/src/HAL/stm32yyxx_hal_crc.c.o
 .ARM.attributes
                0x000000000000012b       0x2c .pio/build/demo_f030f4/SrcWrapper/src/HAL/stm32yyxx_hal_dma.c.o
 .ARM.attributes
                0x0000000000000157       0x2c .pio/build/demo_f030f4/SrcWrapper/src/HAL/stm32yyxx_hal_gpio.c.o
 .ARM.attributes
                0x0000000000000183       0x2c .pio/build/demo_f030f4/SrcWrapper/src/HAL/stm32yyxx_hal_rcc.c.o
 .ARM.attributes
                0x00000000000001af       0x2c .pio/build/demo_f030f4/SrcWrapper/src/HAL/stm32yyxx_hal_tim.c.o
 .ARM.attributes
                0x00000000000001db       0x2c .pio/build/demo_f030f4/SrcWrapper/src/HAL/stm32yyxx_hal_tim_ex.c.o
 .ARM.attributes
                0x0000000000000207       0x2c .pio/build/demo_f030f4/SrcWrapper/src/HAL/stm32yyxx_hal_uart.c.o
 .ARM.attributes
                0x0000000000000233       0x2c .pio/build/demo_f030f4/SrcWrapper/src/HardwareTimer.cpp.o
 .ARM.attributes
                0x000000000000025f       0x2c .pio/build/demo_f030f4/SrcWrapper/src/new.cpp.o
 .ARM.attributes
                0x000000000000028b       0x2c .pio/build/demo_f030f4/SrcWrapper/src/stm32/PortNames.c.o
 .ARM.attributes
                0x00000000000002b7       0x2c .pio/build/demo_f030f4/SrcWrapper/src/stm32/analog.cpp.o
 .ARM.attributes
                0x00000000000002e3       0x2c .pio/build/demo_f030f4/SrcWrapper/src/stm32/clock.c.o
 .ARM.attributes
                0x000000000000030f       0x2c .pio/build/demo_f030f4/SrcWrapper/src/stm32/hw_config.c.o
 .ARM.attributes
                0x000000000000033b       0x2c .pio/build/demo_f030f4/SrcWrapper/src/stm32/interrupt.cpp.o
 .ARM.attributes
                0x0000000000000367       0x2c .pio/build/demo_f030f4/SrcWrapper/src/stm32/pinmap.c.o
 .ARM.attributes
                0x0000000000000393       0x2c .pio/build/demo_f030f4/SrcWrapper/src/stm32/system_stm32yyxx.c.o
 .ARM.attributes
                0x00000000000003bf       0x2c .pio/build/demo_f030f4/SrcWrapper/src/stm32/timer.c.o
 .ARM.attributes
                0x00000000000003eb       0x2c .pio/build/demo_f030f4/SrcWrapper/src/stm32/uart.c.o
 .ARM.attributes
                0x0000000000000417       0x2c .pio/build/demo_f030f4/SrcWrapper/src/syscalls.c.o
 .ARM.attributes
                0x0000000000000443       0x2c .pio/build/demo_f030f4/src/main.cpp.o
 .ARM.attributes
                0x000000000000046f       0x2c .pio/build/demo_f030f4/libFrameworkArduino.a(HardwareSerial.cpp.o)
 .ARM.attributes
                0x000000000000049b       0x2c .pio/build/demo_f030f4/libFrameworkArduino.a(Stream.cpp.o)
 .ARM.attributes
                0x00000000000004c7       0x2c .pio/build/demo_f030f4/libFrameworkArduino.a(main.cpp.o)
 .ARM.attributes
                0x00000000000004f3       0x21 .pio/build/demo_f030f4/libFrameworkArduino.a(startup_stm32yyxx.S.o)
 .ARM.attributes
                0x0000000000000514       0x2c .pio/build/demo_f030f4/libFrameworkArduino.a(wiring_digital.c.o)
 .ARM.attributes
                0x0000000000000540       0x2c .pio/build/demo_f030f4/libFrameworkArduino.a(wiring_time.c.o)
 .ARM.attributes
                0x000000000000056c       0x2c .pio/build/demo_f030f4/libFrameworkArduino.a(WSerial.cpp.o)
 .ARM.attributes
                0x0000000000000598       0x2c .pio/build/demo_f030f4/libFrameworkArduino.a(board.c.o)
 .ARM.attributes
                0x00000000000005c4       0x2c .pio/build/demo_f030f4/libFrameworkArduino.a(wiring_analog.c.o)
 .ARM.attributes
                0x00000000000005f0       0x1e /Users/pierre/.platformio/packages/toolchain-gccarmnoneeabi/bin/../lib/gcc/arm-none-eabi/9.2.1/thumb/v6-m/nofp/libgcc.a(_thumb1_case_sqi.o)
 .ARM.attributes
                0x000000000000060e       0x1e /Users/pierre/.platformio/packages/toolchain-gccarmnoneeabi/bin/../lib/gcc/arm-none-eabi/9.2.1/thumb/v6-m/nofp/libgcc.a(_thumb1_case_uqi.o)
 .ARM.attributes
                0x000000000000062c       0x1e /Users/pierre/.platformio/packages/toolchain-gccarmnoneeabi/bin/../lib/gcc/arm-none-eabi/9.2.1/thumb/v6-m/nofp/libgcc.a(_udivsi3.o)
 .ARM.attributes
                0x000000000000064a       0x1e /Users/pierre/.platformio/packages/toolchain-gccarmnoneeabi/bin/../lib/gcc/arm-none-eabi/9.2.1/thumb/v6-m/nofp/libgcc.a(_dvmd_tls.o)
 .ARM.attributes
                0x0000000000000668       0x2c /Users/pierre/.platformio/packages/toolchain-gccarmnoneeabi/bin/../lib/gcc/arm-none-eabi/9.2.1/../../../../arm-none-eabi/lib/thumb/v6-m/nofp/libstdc++_nano.a(functional.o)
 .ARM.attributes
                0x0000000000000694       0x2c /Users/pierre/.platformio/packages/toolchain-gccarmnoneeabi/bin/../lib/gcc/arm-none-eabi/9.2.1/../../../../arm-none-eabi/lib/thumb/v6-m/nofp/libc_nano.a(lib_a-abort.o)
 .ARM.attributes
                0x00000000000006c0       0x2c /Users/pierre/.platformio/packages/toolchain-gccarmnoneeabi/bin/../lib/gcc/arm-none-eabi/9.2.1/../../../../arm-none-eabi/lib/thumb/v6-m/nofp/libc_nano.a(lib_a-impure.o)
 .ARM.attributes
                0x00000000000006ec       0x2c /Users/pierre/.platformio/packages/toolchain-gccarmnoneeabi/bin/../lib/gcc/arm-none-eabi/9.2.1/../../../../arm-none-eabi/lib/thumb/v6-m/nofp/libc_nano.a(lib_a-init.o)
 .ARM.attributes
                0x0000000000000718       0x2c /Users/pierre/.platformio/packages/toolchain-gccarmnoneeabi/bin/../lib/gcc/arm-none-eabi/9.2.1/../../../../arm-none-eabi/lib/thumb/v6-m/nofp/libc_nano.a(lib_a-malloc.o)
 .ARM.attributes
                0x0000000000000744       0x2c /Users/pierre/.platformio/packages/toolchain-gccarmnoneeabi/bin/../lib/gcc/arm-none-eabi/9.2.1/../../../../arm-none-eabi/lib/thumb/v6-m/nofp/libc_nano.a(lib_a-memcpy-stub.o)
 .ARM.attributes
                0x0000000000000770       0x2c /Users/pierre/.platformio/packages/toolchain-gccarmnoneeabi/bin/../lib/gcc/arm-none-eabi/9.2.1/../../../../arm-none-eabi/lib/thumb/v6-m/nofp/libc_nano.a(lib_a-memset.o)
 .ARM.attributes
                0x000000000000079c       0x2c /Users/pierre/.platformio/packages/toolchain-gccarmnoneeabi/bin/../lib/gcc/arm-none-eabi/9.2.1/../../../../arm-none-eabi/lib/thumb/v6-m/nofp/libc_nano.a(lib_a-nano-freer.o)
 .ARM.attributes
                0x00000000000007c8       0x2c /Users/pierre/.platformio/packages/toolchain-gccarmnoneeabi/bin/../lib/gcc/arm-none-eabi/9.2.1/../../../../arm-none-eabi/lib/thumb/v6-m/nofp/libc_nano.a(lib_a-nano-mallocr.o)
 .ARM.attributes
                0x00000000000007f4       0x2c /Users/pierre/.platformio/packages/toolchain-gccarmnoneeabi/bin/../lib/gcc/arm-none-eabi/9.2.1/../../../../arm-none-eabi/lib/thumb/v6-m/nofp/libc_nano.a(lib_a-reent.o)
 .ARM.attributes
                0x0000000000000820       0x2c /Users/pierre/.platformio/packages/toolchain-gccarmnoneeabi/bin/../lib/gcc/arm-none-eabi/9.2.1/../../../../arm-none-eabi/lib/thumb/v6-m/nofp/libc_nano.a(lib_a-sbrkr.o)
 .ARM.attributes
                0x000000000000084c       0x2c /Users/pierre/.platformio/packages/toolchain-gccarmnoneeabi/bin/../lib/gcc/arm-none-eabi/9.2.1/../../../../arm-none-eabi/lib/thumb/v6-m/nofp/libc_nano.a(lib_a-signal.o)
 .ARM.attributes
                0x0000000000000878       0x2c /Users/pierre/.platformio/packages/toolchain-gccarmnoneeabi/bin/../lib/gcc/arm-none-eabi/9.2.1/../../../../arm-none-eabi/lib/thumb/v6-m/nofp/libc_nano.a(lib_a-signalr.o)
 .ARM.attributes
                0x00000000000008a4       0x1c /Users/pierre/.platformio/packages/toolchain-gccarmnoneeabi/bin/../lib/gcc/arm-none-eabi/9.2.1/../../../../arm-none-eabi/lib/thumb/v6-m/nofp/libc_nano.a(lib_a-strcmp.o)
 .ARM.attributes
                0x00000000000008c0       0x1c /Users/pierre/.platformio/packages/toolchain-gccarmnoneeabi/bin/../lib/gcc/arm-none-eabi/9.2.1/../../../../arm-none-eabi/lib/thumb/v6-m/nofp/libc_nano.a(lib_a-strlen.o)
 .ARM.attributes
                0x00000000000008dc       0x2c /Users/pierre/.platformio/packages/toolchain-gccarmnoneeabi/bin/../lib/gcc/arm-none-eabi/9.2.1/../../../../arm-none-eabi/lib/thumb/v6-m/nofp/libc_nano.a(lib_a-strncmp.o)
 .ARM.attributes
                0x0000000000000908       0x2c /Users/pierre/.platformio/packages/toolchain-gccarmnoneeabi/bin/../lib/gcc/arm-none-eabi/9.2.1/../../../../arm-none-eabi/lib/thumb/v6-m/nofp/libc_nano.a(lib_a-findfp.o)
 .ARM.attributes
                0x0000000000000934       0x2c /Users/pierre/.platformio/packages/toolchain-gccarmnoneeabi/bin/../lib/gcc/arm-none-eabi/9.2.1/../../../../arm-none-eabi/lib/thumb/v6-m/nofp/libc_nano.a(lib_a-lock.o)
 .ARM.attributes
                0x0000000000000960       0x2c /Users/pierre/.platformio/packages/toolchain-gccarmnoneeabi/bin/../lib/gcc/arm-none-eabi/9.2.1/../../../../arm-none-eabi/lib/thumb/v6-m/nofp/libc_nano.a(lib_a-mlock.o)
 .ARM.attributes
                0x000000000000098c       0x1e /Users/pierre/.platformio/packages/toolchain-gccarmnoneeabi/bin/../lib/gcc/arm-none-eabi/9.2.1/thumb/v6-m/nofp/crtn.o
OUTPUT(.pio/build/demo_f030f4/firmware.elf elf32-littlearm)

.comment        0x0000000000000000       0x66
 .comment       0x0000000000000000       0x66 .pio/build/demo_f030f4/FrameworkArduinoVariant/PeripheralPins.c.o
                                         0x67 (size before relaxing)
 .comment       0x0000000000000066       0x67 .pio/build/demo_f030f4/FrameworkArduinoVariant/variant_DEMO_F030F4.cpp.o
 .comment       0x0000000000000066       0x67 .pio/build/demo_f030f4/SrcWrapper/src/HAL/stm32yyxx_hal.c.o
 .comment       0x0000000000000066       0x67 .pio/build/demo_f030f4/SrcWrapper/src/HAL/stm32yyxx_hal_cortex.c.o
 .comment       0x0000000000000066       0x67 .pio/build/demo_f030f4/SrcWrapper/src/HAL/stm32yyxx_hal_crc.c.o
 .comment       0x0000000000000066       0x67 .pio/build/demo_f030f4/SrcWrapper/src/HAL/stm32yyxx_hal_dma.c.o
 .comment       0x0000000000000066       0x67 .pio/build/demo_f030f4/SrcWrapper/src/HAL/stm32yyxx_hal_gpio.c.o
 .comment       0x0000000000000066       0x67 .pio/build/demo_f030f4/SrcWrapper/src/HAL/stm32yyxx_hal_rcc.c.o
 .comment       0x0000000000000066       0x67 .pio/build/demo_f030f4/SrcWrapper/src/HAL/stm32yyxx_hal_tim.c.o
 .comment       0x0000000000000066       0x67 .pio/build/demo_f030f4/SrcWrapper/src/HAL/stm32yyxx_hal_tim_ex.c.o
 .comment       0x0000000000000066       0x67 .pio/build/demo_f030f4/SrcWrapper/src/HAL/stm32yyxx_hal_uart.c.o
 .comment       0x0000000000000066       0x67 .pio/build/demo_f030f4/SrcWrapper/src/HardwareTimer.cpp.o
 .comment       0x0000000000000066       0x67 .pio/build/demo_f030f4/SrcWrapper/src/new.cpp.o
 .comment       0x0000000000000066       0x67 .pio/build/demo_f030f4/SrcWrapper/src/stm32/PortNames.c.o
 .comment       0x0000000000000066       0x67 .pio/build/demo_f030f4/SrcWrapper/src/stm32/analog.cpp.o
 .comment       0x0000000000000066       0x67 .pio/build/demo_f030f4/SrcWrapper/src/stm32/clock.c.o
 .comment       0x0000000000000066       0x67 .pio/build/demo_f030f4/SrcWrapper/src/stm32/hw_config.c.o
 .comment       0x0000000000000066       0x67 .pio/build/demo_f030f4/SrcWrapper/src/stm32/interrupt.cpp.o
 .comment       0x0000000000000066       0x67 .pio/build/demo_f030f4/SrcWrapper/src/stm32/pinmap.c.o
 .comment       0x0000000000000066       0x67 .pio/build/demo_f030f4/SrcWrapper/src/stm32/system_stm32yyxx.c.o
 .comment       0x0000000000000066       0x67 .pio/build/demo_f030f4/SrcWrapper/src/stm32/timer.c.o
 .comment       0x0000000000000066       0x67 .pio/build/demo_f030f4/SrcWrapper/src/stm32/uart.c.o
 .comment       0x0000000000000066       0x67 .pio/build/demo_f030f4/SrcWrapper/src/syscalls.c.o
 .comment       0x0000000000000066       0x67 .pio/build/demo_f030f4/src/main.cpp.o
 .comment       0x0000000000000066       0x67 .pio/build/demo_f030f4/libFrameworkArduino.a(HardwareSerial.cpp.o)
 .comment       0x0000000000000066       0x67 .pio/build/demo_f030f4/libFrameworkArduino.a(Stream.cpp.o)
 .comment       0x0000000000000066       0x67 .pio/build/demo_f030f4/libFrameworkArduino.a(main.cpp.o)
 .comment       0x0000000000000066       0x67 .pio/build/demo_f030f4/libFrameworkArduino.a(wiring_digital.c.o)
 .comment       0x0000000000000066       0x67 .pio/build/demo_f030f4/libFrameworkArduino.a(wiring_time.c.o)
 .comment       0x0000000000000066       0x67 .pio/build/demo_f030f4/libFrameworkArduino.a(WSerial.cpp.o)
 .comment       0x0000000000000066       0x67 .pio/build/demo_f030f4/libFrameworkArduino.a(board.c.o)
 .comment       0x0000000000000066       0x67 .pio/build/demo_f030f4/libFrameworkArduino.a(wiring_analog.c.o)

.debug_frame    0x0000000000000000      0x59c
 .debug_frame   0x0000000000000000       0x20 /Users/pierre/.platformio/packages/toolchain-gccarmnoneeabi/bin/../lib/gcc/arm-none-eabi/9.2.1/thumb/v6-m/nofp/libgcc.a(_udivsi3.o)
 .debug_frame   0x0000000000000020       0x28 /Users/pierre/.platformio/packages/toolchain-gccarmnoneeabi/bin/../lib/gcc/arm-none-eabi/9.2.1/../../../../arm-none-eabi/lib/thumb/v6-m/nofp/libc_nano.a(lib_a-abort.o)
 .debug_frame   0x0000000000000048       0x2c /Users/pierre/.platformio/packages/toolchain-gccarmnoneeabi/bin/../lib/gcc/arm-none-eabi/9.2.1/../../../../arm-none-eabi/lib/thumb/v6-m/nofp/libc_nano.a(lib_a-init.o)
 .debug_frame   0x0000000000000074       0x40 /Users/pierre/.platformio/packages/toolchain-gccarmnoneeabi/bin/../lib/gcc/arm-none-eabi/9.2.1/../../../../arm-none-eabi/lib/thumb/v6-m/nofp/libc_nano.a(lib_a-malloc.o)
 .debug_frame   0x00000000000000b4       0x28 /Users/pierre/.platformio/packages/toolchain-gccarmnoneeabi/bin/../lib/gcc/arm-none-eabi/9.2.1/../../../../arm-none-eabi/lib/thumb/v6-m/nofp/libc_nano.a(lib_a-memcpy-stub.o)
 .debug_frame   0x00000000000000dc       0x20 /Users/pierre/.platformio/packages/toolchain-gccarmnoneeabi/bin/../lib/gcc/arm-none-eabi/9.2.1/../../../../arm-none-eabi/lib/thumb/v6-m/nofp/libc_nano.a(lib_a-memset.o)
 .debug_frame   0x00000000000000fc       0x2c /Users/pierre/.platformio/packages/toolchain-gccarmnoneeabi/bin/../lib/gcc/arm-none-eabi/9.2.1/../../../../arm-none-eabi/lib/thumb/v6-m/nofp/libc_nano.a(lib_a-nano-freer.o)
 .debug_frame   0x0000000000000128       0x30 /Users/pierre/.platformio/packages/toolchain-gccarmnoneeabi/bin/../lib/gcc/arm-none-eabi/9.2.1/../../../../arm-none-eabi/lib/thumb/v6-m/nofp/libc_nano.a(lib_a-nano-mallocr.o)
 .debug_frame   0x0000000000000158       0x48 /Users/pierre/.platformio/packages/toolchain-gccarmnoneeabi/bin/../lib/gcc/arm-none-eabi/9.2.1/../../../../arm-none-eabi/lib/thumb/v6-m/nofp/libc_nano.a(lib_a-reent.o)
 .debug_frame   0x00000000000001a0       0x2c /Users/pierre/.platformio/packages/toolchain-gccarmnoneeabi/bin/../lib/gcc/arm-none-eabi/9.2.1/../../../../arm-none-eabi/lib/thumb/v6-m/nofp/libc_nano.a(lib_a-sbrkr.o)
 .debug_frame   0x00000000000001cc       0xe0 /Users/pierre/.platformio/packages/toolchain-gccarmnoneeabi/bin/../lib/gcc/arm-none-eabi/9.2.1/../../../../arm-none-eabi/lib/thumb/v6-m/nofp/libc_nano.a(lib_a-signal.o)
 .debug_frame   0x00000000000002ac       0x44 /Users/pierre/.platformio/packages/toolchain-gccarmnoneeabi/bin/../lib/gcc/arm-none-eabi/9.2.1/../../../../arm-none-eabi/lib/thumb/v6-m/nofp/libc_nano.a(lib_a-signalr.o)
 .debug_frame   0x00000000000002f0       0x20 /Users/pierre/.platformio/packages/toolchain-gccarmnoneeabi/bin/../lib/gcc/arm-none-eabi/9.2.1/../../../../arm-none-eabi/lib/thumb/v6-m/nofp/libc_nano.a(lib_a-strcmp.o)
 .debug_frame   0x0000000000000310       0x2c /Users/pierre/.platformio/packages/toolchain-gccarmnoneeabi/bin/../lib/gcc/arm-none-eabi/9.2.1/../../../../arm-none-eabi/lib/thumb/v6-m/nofp/libc_nano.a(lib_a-strncmp.o)
 .debug_frame   0x000000000000033c      0x170 /Users/pierre/.platformio/packages/toolchain-gccarmnoneeabi/bin/../lib/gcc/arm-none-eabi/9.2.1/../../../../arm-none-eabi/lib/thumb/v6-m/nofp/libc_nano.a(lib_a-findfp.o)
 .debug_frame   0x00000000000004ac       0xb0 /Users/pierre/.platformio/packages/toolchain-gccarmnoneeabi/bin/../lib/gcc/arm-none-eabi/9.2.1/../../../../arm-none-eabi/lib/thumb/v6-m/nofp/libc_nano.a(lib_a-lock.o)
 .debug_frame   0x000000000000055c       0x40 /Users/pierre/.platformio/packages/toolchain-gccarmnoneeabi/bin/../lib/gcc/arm-none-eabi/9.2.1/../../../../arm-none-eabi/lib/thumb/v6-m/nofp/libc_nano.a(lib_a-mlock.o)
